Component: ARM Compiler 5.06 update 5 (build 528) Tool: armlink [4d35e2]

==============================================================================

Section Cross References

    startup_stm32f103xb.o(RESET) refers to startup_stm32f103xb.o(STACK) for __initial_sp
    startup_stm32f103xb.o(RESET) refers to startup_stm32f103xb.o(.text) for Reset_Handler
    startup_stm32f103xb.o(RESET) refers to stm32f1xx_it.o(i.NMI_Handler) for NMI_Handler
    startup_stm32f103xb.o(RESET) refers to stm32f1xx_it.o(i.HardFault_Handler) for HardFault_Handler
    startup_stm32f103xb.o(RESET) refers to stm32f1xx_it.o(i.MemManage_Handler) for MemManage_Handler
    startup_stm32f103xb.o(RESET) refers to stm32f1xx_it.o(i.BusFault_Handler) for BusFault_Handler
    startup_stm32f103xb.o(RESET) refers to stm32f1xx_it.o(i.UsageFault_Handler) for UsageFault_Handler
    startup_stm32f103xb.o(RESET) refers to port.o(.emb_text) for SVC_Handler
    startup_stm32f103xb.o(RESET) refers to stm32f1xx_it.o(i.DebugMon_Handler) for DebugMon_Handler
    startup_stm32f103xb.o(RESET) refers to port.o(i.SysTick_Handler) for SysTick_Handler
    startup_stm32f103xb.o(RESET) refers to stm32f1xx_it.o(i.DMA1_Channel2_IRQHandler) for DMA1_Channel2_IRQHandler
    startup_stm32f103xb.o(RESET) refers to stm32f1xx_it.o(i.DMA1_Channel3_IRQHandler) for DMA1_Channel3_IRQHandler
    startup_stm32f103xb.o(RESET) refers to stm32f1xx_it.o(i.EXTI9_5_IRQHandler) for EXTI9_5_IRQHandler
    startup_stm32f103xb.o(RESET) refers to stm32f1xx_it.o(i.TIM1_UP_IRQHandler) for TIM1_UP_IRQHandler
    startup_stm32f103xb.o(RESET) refers to stm32f1xx_it.o(i.TIM3_IRQHandler) for TIM3_IRQHandler
    startup_stm32f103xb.o(RESET) refers to stm32f1xx_it.o(i.USART3_IRQHandler) for USART3_IRQHandler
    startup_stm32f103xb.o(.text) refers to system_stm32f1xx.o(i.SystemInit) for SystemInit
    startup_stm32f103xb.o(.text) refers to entry.o(.ARM.Collect$$$$00000000) for __main
    main.o(i.HAL_TIM_PeriodElapsedCallback) refers to stm32f1xx_hal.o(i.HAL_IncTick) for HAL_IncTick
    main.o(i.SystemClock_Config) refers to memseta.o(.text) for __aeabi_memclr4
    main.o(i.SystemClock_Config) refers to stm32f1xx_hal_rcc.o(i.HAL_RCC_OscConfig) for HAL_RCC_OscConfig
    main.o(i.SystemClock_Config) refers to stm32f1xx_hal_rcc.o(i.HAL_RCC_ClockConfig) for HAL_RCC_ClockConfig
    main.o(i.fgetc) refers to stm32f1xx_hal_uart.o(i.HAL_UART_Receive) for HAL_UART_Receive
    main.o(i.fgetc) refers to usart.o(.bss) for huart3
    main.o(i.main) refers to stm32f1xx_hal.o(i.HAL_Init) for HAL_Init
    main.o(i.main) refers to main.o(i.SystemClock_Config) for SystemClock_Config
    main.o(i.main) refers to gpio.o(i.MX_GPIO_Init) for MX_GPIO_Init
    main.o(i.main) refers to dma.o(i.MX_DMA_Init) for MX_DMA_Init
    main.o(i.main) refers to tim.o(i.MX_TIM3_Init) for MX_TIM3_Init
    main.o(i.main) refers to tim.o(i.MX_TIM2_Init) for MX_TIM2_Init
    main.o(i.main) refers to usart.o(i.MX_USART3_UART_Init) for MX_USART3_UART_Init
    main.o(i.main) refers to tim.o(i.MX_TIM4_Init) for MX_TIM4_Init
    main.o(i.main) refers to printfa.o(i.__0printf) for __2printf
    main.o(i.main) refers to my_usart.o(i.User_USART_Init) for User_USART_Init
    main.o(i.main) refers to stm32f1xx_hal_uart.o(i.HAL_UART_Receive_DMA) for HAL_UART_Receive_DMA
    main.o(i.main) refers to stm32f1xx_hal_tim.o(i.HAL_TIM_PWM_Start) for HAL_TIM_PWM_Start
    main.o(i.main) refers to stm32f1xx_hal_tim.o(i.HAL_TIM_PWM_Start_IT) for HAL_TIM_PWM_Start_IT
    main.o(i.main) refers to stm32f1xx_hal_tim.o(i.HAL_TIM_Encoder_Start) for HAL_TIM_Encoder_Start
    main.o(i.main) refers to freertos.o(i.MX_FREERTOS_Init) for MX_FREERTOS_Init
    main.o(i.main) refers to cmsis_os.o(i.osKernelStart) for osKernelStart
    main.o(i.main) refers to my_usart.o(.bss) for BT_Data
    main.o(i.main) refers to usart.o(.bss) for huart3
    main.o(i.main) refers to tim.o(.bss) for htim3
    gpio.o(i.MX_GPIO_Init) refers to stm32f1xx_hal_gpio.o(i.HAL_GPIO_WritePin) for HAL_GPIO_WritePin
    gpio.o(i.MX_GPIO_Init) refers to stm32f1xx_hal_gpio.o(i.HAL_GPIO_Init) for HAL_GPIO_Init
    gpio.o(i.MX_GPIO_Init) refers to stm32f1xx_hal_cortex.o(i.HAL_NVIC_SetPriority) for HAL_NVIC_SetPriority
    gpio.o(i.MX_GPIO_Init) refers to stm32f1xx_hal_cortex.o(i.HAL_NVIC_EnableIRQ) for HAL_NVIC_EnableIRQ
    dma.o(i.MX_DMA_Init) refers to stm32f1xx_hal_cortex.o(i.HAL_NVIC_SetPriority) for HAL_NVIC_SetPriority
    dma.o(i.MX_DMA_Init) refers to stm32f1xx_hal_cortex.o(i.HAL_NVIC_EnableIRQ) for HAL_NVIC_EnableIRQ
    freertos.o(i.MX_FREERTOS_Init) refers to memcpya.o(.text) for __aeabi_memcpy4
    freertos.o(i.MX_FREERTOS_Init) refers to cmsis_os.o(i.osThreadCreate) for osThreadCreate
    freertos.o(i.MX_FREERTOS_Init) refers to freertos.o(.constdata) for .constdata
    freertos.o(i.MX_FREERTOS_Init) refers to freertos.o(.data) for .data
    freertos.o(i.StartTask_100HZ) refers to printfa.o(i.__0printf) for __2printf
[...]
    .data                                    0x20000114   Section       53  inv_mpu.o(.data)
    st                                       0x20000114   Data          44  inv_mpu.o(.data)
    gyro_orientation                         0x20000140   Data           9  inv_mpu.o(.data)
    .data                                    0x2000014c   Section        4  stdout.o(.data)
    .data                                    0x20000150   Section        4  errno.o(.data)
    _errno                                   0x20000150   Data           4  errno.o(.data)
    .bss                                     0x20000154   Section      596  freertos.o(.bss)
    xIdleTaskTCBBuffer                       0x20000154   Data          84  freertos.o(.bss)
    xIdleStack                               0x200001a8   Data         512  freertos.o(.bss)
    .bss                                     0x200003a8   Section      216  tim.o(.bss)
    .bss                                     0x20000480   Section      204  usart.o(.bss)
    .bss                                     0x2000054c   Section       72  stm32f1xx_hal_timebase_tim.o(.bss)
    .bss                                     0x20000594   Section      240  tasks.o(.bss)
    pxReadyTasksLists                        0x20000594   Data         140  tasks.o(.bss)
    xDelayedTaskList1                        0x20000620   Data          20  tasks.o(.bss)
    xDelayedTaskList2                        0x20000634   Data          20  tasks.o(.bss)
    xPendingReadyList                        0x20000648   Data          20  tasks.o(.bss)
    xTasksWaitingTermination                 0x2000065c   Data          20  tasks.o(.bss)
    xSuspendedTaskList                       0x20000670   Data          20  tasks.o(.bss)
    .bss                                     0x20000684   Section    10000  heap_4.o(.bss)
    ucHeap                                   0x20000684   Data       10000  heap_4.o(.bss)
    .bss                                     0x20002d94   Section       24  car_task.o(.bss)
    .bss                                     0x20002dac   Section       40  my_usart.o(.bss)
    .bss                                     0x20002dd4   Section       16  inv_mpu_dmp_motion_driver.o(.bss)
    dmp                                      0x20002dd4   Data          16  inv_mpu_dmp_motion_driver.o(.bss)
    STACK                                    0x20002de8   Section     1024  startup_stm32f103xb.o(STACK)

    Global Symbols

    Symbol Name                              Value     Ov Type        Size  Object(Section)

    BuildAttributes$$THM_ISAv4$P$D$K$B$S$PE$A:L22UL41UL21$X:L11$S22US41US21$IEEE1$IW$USESV6$~STKCKD$USESV7$~SHL$OTIME$ROPI$IEEEX$EBA8$MICROLIB$REQ8$PRES8$EABIv2 0x00000000   Number         0  anon$$obj.o ABSOLUTE
    __ARM_use_no_argv                        0x00000000   Number         0  main.o ABSOLUTE
    _printf_a                                0x00000000   Number         0  stubs.o ABSOLUTE
    _printf_c                                0x00000000   Number         0  stubs.o ABSOLUTE
    _printf_charcount                        0x00000000   Number         0  stubs.o ABSOLUTE
    _printf_d                                0x00000000   Number         0  stubs.o ABSOLUTE
    _printf_e                                0x00000000   Number         0  stubs.o ABSOLUTE
    _printf_f                                0x00000000   Number         0  stubs.o ABSOLUTE
    _printf_flags                            0x00000000   Number         0  stubs.o ABSOLUTE
    _printf_fp_dec                           0x00000000   Number         0  stubs.o ABSOLUTE
    _printf_fp_hex                           0x00000000   Number         0  stubs.o ABSOLUTE
    _printf_g                                0x00000000   Number         0  stubs.o ABSOLUTE
    _printf_i                                0x00000000   Number         0  stubs.o ABSOLUTE
    _printf_int_dec                          0x00000000   Number         0  stubs.o ABSOLUTE
    _printf_l                                0x00000000   Number         0  stubs.o ABSOLUTE
    _printf_lc                               0x00000000   Number         0  stubs.o ABSOLUTE
    _printf_ll                               0x00000000   Number         0  stubs.o ABSOLUTE
    _printf_lld                              0x00000000   Number         0  stubs.o ABSOLUTE
    _printf_lli                              0x00000000   Number         0  stubs.o ABSOLUTE
    _printf_llo                              0x00000000   Number         0  stubs.o ABSOLUTE
    _printf_llu                              0x00000000   Number         0  stubs.o ABSOLUTE
    _printf_llx                              0x00000000   Number         0  stubs.o ABSOLUTE
    _printf_longlong_dec                     0x00000000   Number         0  stubs.o ABSOLUTE
    _printf_longlong_hex                     0x00000000   Number         0  stubs.o ABSOLUTE
    _printf_longlong_oct                     0x00000000   Number         0  stubs.o ABSOLUTE
    _printf_ls                               0x00000000   Number         0  stubs.o ABSOLUTE
    _printf_mbtowc                           0x00000000   Number         0  stubs.o ABSOLUTE
    _printf_n                                0x00000000   Number         0  stubs.o ABSOLUTE
    _printf_o                                0x00000000   Number         0  stubs.o ABSOLUTE
    _printf_p                                0x00000000   Number         0  stubs.o ABSOLUTE
    _printf_percent                          0x00000000   Number         0  stubs.o ABSOLUTE
    _printf_pre_padding                      0x00000000   Number         0  stubs.o ABSOLUTE
    _printf_return_value                     0x00000000   Number         0  stubs.o ABSOLUTE
    _printf_s                                0x00000000   Number         0  stubs.o ABSOLUTE
    _printf_sizespec                         0x00000000   Number         0  stubs.o ABSOLUTE
    _printf_str                              0x00000000   Number         0  stubs.o ABSOLUTE
    _printf_truncate_signed                  0x00000000   Number         0  stubs.o ABSOLUTE
    _printf_truncate_unsigned                0x00000000   Number         0  stubs.o ABSOLUTE
    _printf_u                                0x00000000   Number         0  stubs.o ABSOLUTE
    _printf_wc                               0x00000000   Number         0  stubs.o ABSOLUTE
    _printf_wctomb                           0x00000000   Number         0  stubs.o ABSOLUTE
    _printf_widthprec                        0x00000000   Number         0  stubs.o ABSOLUTE
    _printf_x                                0x00000000   Number         0  stubs.o ABSOLUTE
    __cpp_initialize__aeabi_                  - Undefined Weak Reference
    __cxa_finalize                            - Undefined Weak Reference
    _clock_init                               - Undefined Weak Reference
    _microlib_exit                            - Undefined Weak Reference
    __Vectors_Size                           0x000000ec   Number         0  startup_stm32f103xb.o ABSOLUTE
    __Vectors                                0x08000000   Data           4  startup_stm32f103xb.o(RESET)
    __Vectors_End                            0x080000ec   Data           0  startup_stm32f103xb.o(RESET)
    __main                                   0x080000ed   Thumb Code     0  entry.o(.ARM.Collect$$$$00000000)
    _main_stk                                0x080000ed   Thumb Code     0  entry2.o(.ARM.Collect$$$$00000001)
    _main_scatterload                        0x080000f1   Thumb Code     0  entry5.o(.ARM.Collect$$$$00000004)
    __main_after_scatterload                 0x080000f5   Thumb Code     0  entry5.o(.ARM.Collect$$$$00000004)
    _main_clock                              0x080000f5   Thumb Code     0  entry7b.o(.ARM.Collect$$$$00000008)
    _main_cpp_init                           0x080000f5   Thumb Code     0  entry8b.o(.ARM.Collect$$$$0000000A)
    _main_init                               0x080000f5   Thumb Code     0  entry9a.o(.ARM.Collect$$$$0000000B)
    __rt_final_cpp                           0x080000fd   Thumb Code     0  entry10a.o(.ARM.Collect$$$$0000000D)
    __rt_final_exit                          0x080000fd   Thumb Code     0  entry11a.o(.ARM.Collect$$$$0000000F)
    SVC_Handler                              0x08000101   Thumb Code    32  port.o(.emb_text)
    __asm___6_port_c_39a90d8d__prvStartFirstTask 0x08000125   Thumb Code    28  port.o(.emb_text)
    PendSV_Handler                           0x08000145   Thumb Code    72  port.o(.emb_text)
    vPortGetIPSR                             0x08000191   Thumb Code     6  port.o(.emb_text)
    Reset_Handler                            0x08000199   Thumb Code     8  startup_stm32f103xb.o(.text)
    ADC1_2_IRQHandler                        0x080001b3   Thumb Code     0  startup_stm32f103xb.o(.text)
    CAN1_RX1_IRQHandler                      0x080001b3   Thumb Code     0  startup_stm32f103xb.o(.text)
    CAN1_SCE_IRQHandler                      0x080001b3   Thumb Code     0  startup_stm32f103xb.o(.text)
    DMA1_Channel1_IRQHandler                 0x080001b3   Thumb Code     0  startup_stm32f103xb.o(.text)
    DMA1_Channel4_IRQHandler                 0x080001b3   Thumb Code     0  startup_stm32f103xb.o(.text)
    DMA1_Channel5_IRQHandler                 0x080001b3   Thumb Code     0  startup_stm32f103xb.o(.text)
    DMA1_Channel6_IRQHandler                 0x080001b3   Thumb Code     0  startup_stm32f103xb.o(.text)
    DMA1_Channel7_IRQHandler                 0x080001b3   Thumb Code     0  startup_stm32f103xb.o(.text)
    EXTI0_IRQHandler                         0x080001b3   Thumb Code     0  startup_stm32f103xb.o(.text)
    EXTI15_10_IRQHandler                     0x080001b3   Thumb Code     0  startup_stm32f103xb.o(.text)
    EXTI1_IRQHandler                         0x080001b3   Thumb Code     0  startup_stm32f103xb.o(.text)
    EXTI2_IRQHandler                         0x080001b3   Thumb Code     0  startup_stm32f103xb.o(.text)
    EXTI3_IRQHandler                         0x080001b3   Thumb Code     0  startup_stm32f103xb.o(.text)
    EXTI4_IRQHandler                         0x080001b3   Thumb Code     0  startup_stm32f103xb.o(.text)
    FLASH_IRQHandler                         0x080001b3   Thumb Code     0  startup_stm32f103xb.o(.text)
    I2C1_ER_IRQHandler                       0x080001b3   Thumb Code     0  startup_stm32f103xb.o(.text)
    I2C1_EV_IRQHandler                       0x080001b3   Thumb Code     0  startup_stm32f103xb.o(.text)
    I2C2_ER_IRQHandler                       0x080001b3   Thumb Code     0  startup_stm32f103xb.o(.text)
    I2C2_EV_IRQHandler                       0x080001b3   Thumb Code     0  startup_stm32f103xb.o(.text)
    PVD_IRQHandler                           0x080001b3   Thumb Code     0  startup_stm32f103xb.o(.text)
    RCC_IRQHandler                           0x080001b3   Thumb Code     0  startup_stm32f103xb.o(.text)
    RTC_Alarm_IRQHandler                     0x080001b3   Thumb Code     0  startup_stm32f103xb.o(.text)
    RTC_IRQHandler                           0x080001b3   Thumb Code     0  startup_stm32f103xb.o(.text)
    SPI1_IRQHandler                          0x080001b3   Thumb Code     0  startup_stm32f103xb.o(.text)
    SPI2_IRQHandler                          0x080001b3   Thumb Code     0  startup_stm32f103xb.o(.text)
    TAMPER_IRQHandler                        0x080001b3   Thumb Code     0  startup_stm32f103xb.o(.text)
    TIM1_BRK_IRQHandler                      0x080001b3   Thumb Code     0  startup_stm32f103xb.o(.text)
    TIM1_CC_IRQHandler                       0x080001b3   Thumb Code     0  startup_stm32f103xb.o(.text)
    TIM1_TRG_COM_IRQHandler                  0x080001b3   Thumb Code     0  startup_stm32f103xb.o(.text)
    TIM2_IRQHandler                          0x080001b3   Thumb Code     0  startup_stm32f103xb.o(.text)
    TIM4_IRQHandler                          0x080001b3   Thumb Code     0  startup_stm32f103xb.o(.text)
    USART1_IRQHandler                        0x080001b3   Thumb Code     0  startup_stm32f103xb.o(.text)
    USART2_IRQHandler                        0x080001b3   Thumb Code     0  startup_stm32f103xb.o(.text)
    USBWakeUp_IRQHandler                     0x080001b3   Thumb Code     0  startup_stm32f103xb.o(.text)
    USB_HP_CAN1_TX_IRQHandler                0x080001b3   Thumb Code     0  startup_stm32f103xb.o(.text)
    USB_LP_CAN1_RX0_IRQHandler               0x080001b3   Thumb Code     0  startup_stm32f103xb.o(.text)
    WWDG_IRQHandler                          0x080001b3   Thumb Code     0  startup_stm32f103xb.o(.text)
    __aeabi_ldivmod                          0x080001bd   Thumb Code    98  ldiv.o(.text)
    __aeabi_llsr                             0x0800021f   Thumb Code    32  llushr.o(.text)
    _ll_ushift_r                             0x0800021f   Thumb Code     0  llushr.o(.text)
    __aeabi_memcpy                           0x0800023f   Thumb Code    36  memcpya.o(.text)
    __aeabi_memcpy4                          0x0800023f   Thumb Code     0  memcpya.o(.text)
    __aeabi_memcpy8                          0x0800023f   Thumb Code     0  memcpya.o(.text)
    __aeabi_memset                           0x08000263   Thumb Code    14  memseta.o(.text)
    __aeabi_memset4                          0x08000263   Thumb Code     0  memseta.o(.text)
    __aeabi_memset8                          0x08000263   Thumb Code     0  memseta.o(.text)
    __aeabi_memclr                           0x08000271   Thumb Code     4  memseta.o(.text)
    __aeabi_memclr4                          0x08000271   Thumb Code     0  memseta.o(.text)
    __aeabi_memclr8                          0x08000271   Thumb Code     0  memseta.o(.text)
    memset                                   0x08000275   Thumb Code    18  memseta.o(.text)
    memcmp                                   0x08000287   Thumb Code    26  memcmp.o(.text)
    __aeabi_fadd                             0x080002a1   Thumb Code   164  fadd.o(.text)
    __aeabi_fsub                             0x08000345   Thumb Code     6  fadd.o(.text)
    __aeabi_frsub                            0x0800034b   Thumb Code     6  fadd.o(.text)
    __aeabi_fmul                             0x08000351   Thumb Code   100  fmul.o(.text)
    __aeabi_fdiv                             0x080003b5   Thumb Code   124  fdiv.o(.text)
    __ARM_scalbnf                            0x08000431   Thumb Code    24  fscalb.o(.text)
    scalbnf                                  0x08000431   Thumb Code     0  fscalb.o(.text)
    __aeabi_dadd                             0x08000449   Thumb Code   322  dadd.o(.text)
    __aeabi_dsub                             0x0800058b   Thumb Code     6  dadd.o(.text)
    __aeabi_drsub                            0x08000591   Thumb Code     6  dadd.o(.text)
    __aeabi_dmul                             0x08000597   Thumb Code   228  dmul.o(.text)
    __aeabi_ddiv                             0x0800067b   Thumb Code   222  ddiv.o(.text)
    __ARM_scalbn                             0x08000759   Thumb Code    46  dscalb.o(.text)
    scalbn                                   0x08000759   Thumb Code     0  dscalb.o(.text)
    __aeabi_i2f                              0x08000787   Thumb Code    18  fflti.o(.text)
    __aeabi_ui2f                             0x08000799   Thumb Code    10  ffltui.o(.text)
    __aeabi_i2d                              0x080007a3   Thumb Code    34  dflti.o(.text)
    __aeabi_f2iz                             0x080007c5   Thumb Code    50  ffixi.o(.text)
    __aeabi_f2uiz                            0x080007f7   Thumb Code    40  ffixui.o(.text)
    __aeabi_d2iz                             0x0800081f   Thumb Code    62  dfixi.o(.text)
    __aeabi_d2uiz                            0x0800085d   Thumb Code    50  dfixui.o(.text)
    __aeabi_f2d                              0x0800088f   Thumb Code    38  f2d.o(.text)
    __aeabi_d2f                              0x080008b5   Thumb Code    56  d2f.o(.text)
    __aeabi_uidiv                            0x080008ed   Thumb Code     0  uidiv.o(.text)
    __aeabi_uidivmod                         0x080008ed   Thumb Code    44  uidiv.o(.text)
    __aeabi_uldivmod                         0x08000919   Thumb Code    98  uldiv.o(.text)
    __aeabi_llsl                             0x0800097b   Thumb Code    30  llshl.o(.text)
    _ll_shift_l                              0x0800097b   Thumb Code     0  llshl.o(.text)
    __aeabi_lasr                             0x08000999   Thumb Code    36  llsshr.o(.text)
    _ll_sshift_r                             0x08000999   Thumb Code     0  llsshr.o(.text)
    __I$use$fp                               0x080009bd   Thumb Code     0  iusefp.o(.text)
    _float_round                             0x080009bd   Thumb Code    18  fepilogue.o(.text)
    _float_epilogue                          0x080009cf   Thumb Code    92  fepilogue.o(.text)
    _double_round                            0x08000a2b   Thumb Code    30  depilogue.o(.text)
    _double_epilogue                         0x08000a49   Thumb Code   156  depilogue.o(.text)
    __aeabi_d2ulz                            0x08000ae5   Thumb Code    48  dfixul.o(.text)
    __aeabi_cdrcmple                         0x08000b15   Thumb Code    48  cdrcmple.o(.text)
    __scatterload                            0x08000b45   Thumb Code    28  init.o(.text)
    __scatterload_rt2                        0x08000b45   Thumb Code     0  init.o(.text)
    _dsqrt                                   0x08000b69   Thumb Code   162  dsqrt.o(.text)
    __aeabi_ui2d                             0x08000c0b   Thumb Code    26  dfltui.o(.text)
    __decompress                             0x08000c25   Thumb Code     0  __dczerorl2.o(.text)
    __decompress1                            0x08000c25   Thumb Code    86  __dczerorl2.o(.text)
    BTData_Process                           0x08000c7d   Thumb Code    80  my_usart.o(i.BTData_Process)
    BusFault_Handler                         0x08000cd1   Thumb Code     2  stm32f1xx_it.o(i.BusFault_Handler)
    Car_Task_100HZ                           0x08000cd5   Thumb Code   378  car_task.o(i.Car_Task_100HZ)
    Car_Task_200HZ                           0x08000e8d   Thumb Code    10  car_task.o(i.Car_Task_200HZ)
    Car_Task_5HZ                             0x08000e9d   Thumb Code     4  car_task.o(i.Car_Task_5HZ)
    Car_Task_Interaction                     0x08000ea1   Thumb Code   366  car_task.o(i.Car_Task_Interaction)
    DMA1_Channel2_IRQHandler                 0x08001059   Thumb Code     6  stm32f1xx_it.o(i.DMA1_Channel2_IRQHandler)
    DMA1_Channel3_IRQHandler                 0x08001065   Thumb Code     6  stm32f1xx_it.o(i.DMA1_Channel3_IRQHandler)
    DebugMon_Handler                         0x0800109b   Thumb Code     2  stm32f1xx_it.o(i.DebugMon_Handler)
    EXTI9_5_IRQHandler                       0x0800109d   Thumb Code     8  stm32f1xx_it.o(i.EXTI9_5_IRQHandler)
    Error_Handler                            0x080010a5   Thumb Code     2  main.o(i.Error_Handler)
    Get_sys_time_ms                          0x080010a7   Thumb Code     4  sys_time.o(i.Get_sys_time_ms)
    Get_sys_time_only_us                     0x080010ad   Thumb Code     6  sys_time.o(i.Get_sys_time_only_us)
    Get_sys_time_us                          0x080010b9   Thumb Code    24  sys_time.o(i.Get_sys_time_us)
    Getdistance                              0x080010d5   Thumb Code    52  echo.o(i.Getdistance)
    HAL_DMA_Abort                            0x08001111   Thumb Code    70  stm32f1xx_hal_dma.o(i.HAL_DMA_Abort)
    HAL_DMA_Abort_IT                         0x08001159   Thumb Code   148  stm32f1xx_hal_dma.o(i.HAL_DMA_Abort_IT)
    HAL_DMA_IRQHandler                       0x080011f1   Thumb Code   316  stm32f1xx_hal_dma.o(i.HAL_DMA_IRQHandler)
    HAL_DMA_Init                             0x08001345   Thumb Code    84  stm32f1xx_hal_dma.o(i.HAL_DMA_Init)
    HAL_DMA_Start_IT                         0x080013a1   Thumb Code   112  stm32f1xx_hal_dma.o(i.HAL_DMA_Start_IT)
    HAL_Delay                                0x08001411   Thumb Code    32  stm32f1xx_hal.o(i.HAL_Delay)
    HAL_GPIO_EXTI_Callback                   0x08001435   Thumb Code   228  echo.o(i.HAL_GPIO_EXTI_Callback)
    HAL_GPIO_EXTI_IRQHandler                 0x08001551   Thumb Code    18  stm32f1xx_hal_gpio.o(i.HAL_GPIO_EXTI_IRQHandler)
    HAL_GPIO_Init                            0x08001569   Thumb Code   446  stm32f1xx_hal_gpio.o(i.HAL_GPIO_Init)
    HAL_GPIO_ReadPin                         0x08001749   Thumb Code    10  stm32f1xx_hal_gpio.o(i.HAL_GPIO_ReadPin)
    HAL_GPIO_WritePin                        0x08001753   Thumb Code    10  stm32f1xx_hal_gpio.o(i.HAL_GPIO_WritePin)
    HAL_GetTick                              0x0800175d   Thumb Code     6  stm32f1xx_hal.o(i.HAL_GetTick)
    HAL_IncTick                              0x08001769   Thumb Code    12  stm32f1xx_hal.o(i.HAL_IncTick)
    HAL_Init                                 0x08001779   Thumb Code    32  stm32f1xx_hal.o(i.HAL_Init)
    HAL_InitTick                             0x0800179d   Thumb Code    98  stm32f1xx_hal_timebase_tim.o(i.HAL_InitTick)
    HAL_MspInit                              0x08001811   Thumb Code    62  stm32f1xx_hal_msp.o(i.HAL_MspInit)
    HAL_NVIC_EnableIRQ                       0x08001859   Thumb Code    26  stm32f1xx_hal_cortex.o(i.HAL_NVIC_EnableIRQ)
    HAL_NVIC_SetPriority                     0x08001875   Thumb Code    60  stm32f1xx_hal_cortex.o(i.HAL_NVIC_SetPriority)
    HAL_NVIC_SetPriorityGrouping             0x080018b5   Thumb Code    26  stm32f1xx_hal_cortex.o(i.HAL_NVIC_SetPriorityGrouping)
    HAL_RCC_ClockConfig                      0x080018d9   Thumb Code   280  stm32f1xx_hal_rcc.o(i.HAL_RCC_ClockConfig)
    HAL_RCC_GetClockConfig                   0x08001a05   Thumb Code    54  stm32f1xx_hal_rcc.o(i.HAL_RCC_GetClockConfig)
    HAL_RCC_GetPCLK1Freq                     0x08001a45   Thumb Code    20  stm32f1xx_hal_rcc.o(i.HAL_RCC_GetPCLK1Freq)
    HAL_RCC_GetPCLK2Freq                     0x08001a65   Thumb Code    20  stm32f1xx_hal_rcc.o(i.HAL_RCC_GetPCLK2Freq)
    HAL_RCC_GetSysClockFreq                  0x08001a85   Thumb Code    74  stm32f1xx_hal_rcc.o(i.HAL_RCC_GetSysClockFreq)
    HAL_RCC_OscConfig                        0x08001af1   Thumb Code   778  stm32f1xx_hal_rcc.o(i.HAL_RCC_OscConfig)
    HAL_TIMEx_BreakCallback                  0x08001e11   Thumb Code     2  stm32f1xx_hal_tim_ex.o(i.HAL_TIMEx_BreakCallback)
    HAL_TIMEx_CommutCallback                 0x08001e13   Thumb Code     2  stm32f1xx_hal_tim_ex.o(i.HAL_TIMEx_CommutCallback)
    HAL_TIMEx_MasterConfigSynchronization    0x08001e15   Thumb Code    92  stm32f1xx_hal_tim_ex.o(i.HAL_TIMEx_MasterConfigSynchronization)
    HAL_TIM_Base_Init                        0x08001e7d   Thumb Code    90  stm32f1xx_hal_tim.o(i.HAL_TIM_Base_Init)
    HAL_TIM_Base_MspInit                     0x08001ed7   Thumb Code     2  stm32f1xx_hal_tim.o(i.HAL_TIM_Base_MspInit)
    HAL_TIM_Base_Start_IT                    0x08001ed9   Thumb Code    76  stm32f1xx_hal_tim.o(i.HAL_TIM_Base_Start_IT)
    HAL_TIM_Encoder_Init                     0x08001f31   Thumb Code   164  stm32f1xx_hal_tim.o(i.HAL_TIM_Encoder_Init)
    HAL_TIM_Encoder_MspInit                  0x08001fd5   Thumb Code   122  tim.o(i.HAL_TIM_Encoder_MspInit)
    HAL_TIM_Encoder_Start                    0x08002061   Thumb Code   142  stm32f1xx_hal_tim.o(i.HAL_TIM_Encoder_Start)
    HAL_TIM_IC_CaptureCallback               0x080020ef   Thumb Code     2  stm32f1xx_hal_tim.o(i.HAL_TIM_IC_CaptureCallback)
    HAL_TIM_IRQHandler                       0x080020f1   Thumb Code   358  stm32f1xx_hal_tim.o(i.HAL_TIM_IRQHandler)
    HAL_TIM_MspPostInit                      0x08002259   Thumb Code    62  tim.o(i.HAL_TIM_MspPostInit)
    HAL_TIM_OC_DelayElapsedCallback          0x080022a5   Thumb Code     2  stm32f1xx_hal_tim.o(i.HAL_TIM_OC_DelayElapsedCallback)
    HAL_TIM_PWM_ConfigChannel                0x080022a7   Thumb Code   198  stm32f1xx_hal_tim.o(i.HAL_TIM_PWM_ConfigChannel)
    HAL_TIM_PWM_Init                         0x0800236d   Thumb Code    90  stm32f1xx_hal_tim.o(i.HAL_TIM_PWM_Init)
    HAL_TIM_PWM_MspInit                      0x080023c9   Thumb Code    50  tim.o(i.HAL_TIM_PWM_MspInit)
    HAL_TIM_PWM_PulseFinishedCallback        0x08002405   Thumb Code    22  main.o(i.HAL_TIM_PWM_PulseFinishedCallback)
    HAL_TIM_PWM_Start                        0x08002421   Thumb Code   144  stm32f1xx_hal_tim.o(i.HAL_TIM_PWM_Start)
    HAL_TIM_PWM_Start_IT                     0x080024bd   Thumb Code   184  stm32f1xx_hal_tim.o(i.HAL_TIM_PWM_Start_IT)
    HAL_TIM_PeriodElapsedCallback            0x08002581   Thumb Code    38  main.o(i.HAL_TIM_PeriodElapsedCallback)
    HAL_TIM_TriggerCallback                  0x080025b5   Thumb Code     2  stm32f1xx_hal_tim.o(i.HAL_TIM_TriggerCallback)
    HAL_UARTEx_RxEventCallback               0x080025b7   Thumb Code     2  stm32f1xx_hal_uart.o(i.HAL_UARTEx_RxEventCallback)
    HAL_UART_DMAStop                         0x080025b9   Thumb Code    88  stm32f1xx_hal_uart.o(i.HAL_UART_DMAStop)
    HAL_UART_ErrorCallback                   0x08002611   Thumb Code     2  stm32f1xx_hal_uart.o(i.HAL_UART_ErrorCallback)
    HAL_UART_IRQHandler                      0x08002615   Thumb Code   520  stm32f1xx_hal_uart.o(i.HAL_UART_IRQHandler)
    HAL_UART_Init                            0x08002821   Thumb Code    98  stm32f1xx_hal_uart.o(i.HAL_UART_Init)
    HAL_UART_MspInit                         0x08002885   Thumb Code   198  usart.o(i.HAL_UART_MspInit)
    HAL_UART_Receive_DMA                     0x08002961   Thumb Code    42  stm32f1xx_hal_uart.o(i.HAL_UART_Receive_DMA)
    HAL_UART_RxCpltCallback                  0x0800298b   Thumb Code     2  stm32f1xx_hal_uart.o(i.HAL_UART_RxCpltCallback)
    HAL_UART_RxHalfCpltCallback              0x0800298d   Thumb Code     2  stm32f1xx_hal_uart.o(i.HAL_UART_RxHalfCpltCallback)
    HAL_UART_TxCpltCallback                  0x0800298f   Thumb Code     2  stm32f1xx_hal_uart.o(i.HAL_UART_TxCpltCallback)
    HardFault_Handler                        0x08002991   Thumb Code     2  stm32f1xx_it.o(i.HardFault_Handler)
    IIC_Ack                                  0x08002995   Thumb Code    66  iic.o(i.IIC_Ack)
    IIC_GPIO_Init                            0x080029e9   Thumb Code    52  iic.o(i.IIC_GPIO_Init)
    IIC_NAck                                 0x08002a25   Thumb Code    52  iic.o(i.IIC_NAck)
    IIC_Read_Byte                            0x08002a5d   Thumb Code    96  iic.o(i.IIC_Read_Byte)
    IIC_Send_Byte                            0x08002ac1   Thumb Code    98  iic.o(i.IIC_Send_Byte)
    IIC_Start                                0x08002b29   Thumb Code    64  iic.o(i.IIC_Start)
    IIC_Stop                                 0x08002b6d   Thumb Code    46  iic.o(i.IIC_Stop)
    IIC_Wait_Ack                             0x08002ba1   Thumb Code    70  iic.o(i.IIC_Wait_Ack)
    MPU_Read_Len                             0x08002bed   Thumb Code   108  mpu6050.o(i.MPU_Read_Len)
    MPU_Write_Len                            0x08002c59   Thumb Code    82  mpu6050.o(i.MPU_Write_Len)
    MX_DMA_Init                              0x08002cad   Thumb Code    56  dma.o(i.MX_DMA_Init)
    MX_FREERTOS_Init                         0x08002ce9   Thumb Code   118  freertos.o(i.MX_FREERTOS_Init)
    MX_GPIO_Init                             0x08002d69   Thumb Code   254  gpio.o(i.MX_GPIO_Init)
    MX_TIM2_Init                             0x08002e7d   Thumb Code   100  tim.o(i.MX_TIM2_Init)
    MX_TIM3_Init                             0x08002ee5   Thumb Code   150  tim.o(i.MX_TIM3_Init)
    MX_TIM4_Init                             0x08002f85   Thumb Code    98  tim.o(i.MX_TIM4_Init)
    MX_USART3_UART_Init                      0x08002ff1   Thumb Code    48  usart.o(i.MX_USART3_UART_Init)
    MemManage_Handler                        0x08003029   Thumb Code     2  stm32f1xx_it.o(i.MemManage_Handler)
    NMI_Handler                              0x0800302b   Thumb Code     2  stm32f1xx_it.o(i.NMI_Handler)
    OLED_CLS                                 0x0800302d   Thumb Code     6  oled.o(i.OLED_CLS)
    OLED_Fill                                0x08003035   Thumb Code    56  oled.o(i.OLED_Fill)
    OLED_Init                                0x0800306d   Thumb Code   180  oled.o(i.OLED_Init)
    OLED_SetPos                              0x08003121   Thumb Code    38  oled.o(i.OLED_SetPos)
    OLED_ShowChar                            0x08003149   Thumb Code   126  oled.o(i.OLED_ShowChar)
    OLED_ShowFloat                           0x080031d1   Thumb Code   108  oled.o(i.OLED_ShowFloat)
    OLED_ShowNum                             0x08003241   Thumb Code   110  oled.o(i.OLED_ShowNum)
    OLED_ShowStr                             0x080032b1   Thumb Code   208  oled.o(i.OLED_ShowStr)
    PWM_Limiting                             0x08003389   Thumb Code    42  contrl.o(i.PWM_Limiting)
    Read_Encoder                             0x080033b5   Thumb Code    36  contrl.o(i.Read_Encoder)
    Set_PWM                                  0x080033dd   Thumb Code   186  contrl.o(i.Set_PWM)
    StartTask_100HZ                          0x080034a9   Thumb Code    28  freertos.o(i.StartTask_100HZ)
    StartTask_200HZ                          0x080034d9   Thumb Code   132  freertos.o(i.StartTask_200HZ)
    StartTask_5HZ                            0x080035a1   Thumb Code    12  freertos.o(i.StartTask_5HZ)
    StartTask_Interaction                    0x080035ad   Thumb Code    36  freertos.o(i.StartTask_Interaction)
    Start_sw_1Task                           0x080035e5   Thumb Code   118  freertos.o(i.Start_sw_1Task)
    SysTick_Handler                          0x08003661   Thumb Code    38  port.o(i.SysTick_Handler)
    SystemClock_Config                       0x0800368d   Thumb Code    78  main.o(i.SystemClock_Config)
    SystemInit                               0x080036db   Thumb Code     2  system_stm32f1xx.o(i.SystemInit)
    TIM1_UP_IRQHandler                       0x080036dd   Thumb Code     6  stm32f1xx_it.o(i.TIM1_UP_IRQHandler)
    TIM3_IRQHandler                          0x080036e9   Thumb Code     6  stm32f1xx_it.o(i.TIM3_IRQHandler)
    TIM_Base_SetConfig                       0x080036f5   Thumb Code    94  stm32f1xx_hal_tim.o(i.TIM_Base_SetConfig)
    TIM_CCxChannelCmd                        0x08003761   Thumb Code    26  stm32f1xx_hal_tim.o(i.TIM_CCxChannelCmd)
    TIM_OC2_SetConfig                        0x080037cd   Thumb Code    84  stm32f1xx_hal_tim.o(i.TIM_OC2_SetConfig)
    Turn_off                                 0x080038c1   Thumb Code    46  contrl.o(i.Turn_off)
    UART_Start_Receive_DMA                   0x08003b7d   Thumb Code    98  stm32f1xx_hal_uart.o(i.UART_Start_Receive_DMA)
    USART3_IRQHandler                        0x08003bed   Thumb Code    86  stm32f1xx_it.o(i.USART3_IRQHandler)
    UsageFault_Handler                       0x08003c51   Thumb Code     2  stm32f1xx_it.o(i.UsageFault_Handler)
    User_USART_Init                          0x08003c53   Thumb Code    38  my_usart.o(i.User_USART_Init)
    Vertical_Ring_PD                         0x08003c79   Thumb Code    56  contrl.o(i.Vertical_Ring_PD)
    Vertical_speed_PI                        0x08003cbd   Thumb Code   130  contrl.o(i.Vertical_speed_PI)
    Vertical_turn_PD                         0x08003d55   Thumb Code    80  contrl.o(i.Vertical_turn_PD)
    WriteCmd                                 0x08003db5   Thumb Code    16  oled.o(i.WriteCmd)
    WriteDat                                 0x08003dc5   Thumb Code    16  oled.o(i.WriteDat)
    __0printf                                0x08003dd5   Thumb Code    22  printfa.o(i.__0printf)
    __1printf                                0x08003dd5   Thumb Code     0  printfa.o(i.__0printf)
    __2printf                                0x08003dd5   Thumb Code     0  printfa.o(i.__0printf)
    __c89printf                              0x08003dd5   Thumb Code     0  printfa.o(i.__0printf)
    printf                                   0x08003dd5   Thumb Code     0  printfa.o(i.__0printf)
    __ARM_fpclassify                         0x08003df5   Thumb Code    40  fpclassify.o(i.__ARM_fpclassify)
    __ieee754_rem_pio2                       0x08003e3d   Thumb Code   828  rred.o(i.__ieee754_rem_pio2)
    __kernel_cos                             0x080041c5   Thumb Code   230  cos_i.o(i.__kernel_cos)
    __kernel_poly                            0x080042c1   Thumb Code   170  poly.o(i.__kernel_poly)
    __kernel_sin                             0x0800436d   Thumb Code   224  sin_i.o(i.__kernel_sin)
    __mathlib_dbl_infnan                     0x08004459   Thumb Code     6  dunder.o(i.__mathlib_dbl_infnan)
    __mathlib_dbl_infnan2                    0x0800445f   Thumb Code     4  dunder.o(i.__mathlib_dbl_infnan2)
    __mathlib_dbl_invalid                    0x08004463   Thumb Code    12  dunder.o(i.__mathlib_dbl_invalid)
    __mathlib_dbl_underflow                  0x08004471   Thumb Code    10  dunder.o(i.__mathlib_dbl_underflow)
    __scatterload_copy                       0x08004481   Thumb Code    14  handlers.o(i.__scatterload_copy)
    __scatterload_null                       0x0800448f   Thumb Code     2  handlers.o(i.__scatterload_null)
    __scatterload_zeroinit                   0x08004491   Thumb Code    14  handlers.o(i.__scatterload_zeroinit)
    __set_errno                              0x080044a1   Thumb Code     6  errno.o(i.__set_errno)
    asin                                     0x08004de1   Thumb Code   572  asin.o(i.asin)
    atan                                     0x08005051   Thumb Code   474  atan.o(i.atan)
    atan2                                    0x08005271   Thumb Code   346  atan2.o(i.atan2)
    cos                                      0x080053f1   Thumb Code   148  cos.o(i.cos)
    dmp_enable_6x_lp_quat                    0x0800548d   Thumb Code    58  inv_mpu_dmp_motion_driver.o(i.dmp_enable_6x_lp_quat)
    dmp_enable_feature                       0x080054c9   Thumb Code   464  inv_mpu_dmp_motion_driver.o(i.dmp_enable_feature)
    dmp_enable_gyro_cal                      0x080056a1   Thumb Code    34  inv_mpu_dmp_motion_driver.o(i.dmp_enable_gyro_cal)
    dmp_enable_lp_quat                       0x080056dd   Thumb Code    58  inv_mpu_dmp_motion_driver.o(i.dmp_enable_lp_quat)
    dmp_load_motion_driver_firmware          0x08005719   Thumb Code    16  inv_mpu_dmp_motion_driver.o(i.dmp_load_motion_driver_firmware)
    dmp_read_fifo                            0x0800572d   Thumb Code   320  inv_mpu_dmp_motion_driver.o(i.dmp_read_fifo)
    dmp_set_accel_bias                       0x08005871   Thumb Code   210  inv_mpu_dmp_motion_driver.o(i.dmp_set_accel_bias)
    dmp_set_fifo_rate                        0x08005949   Thumb Code    82  inv_mpu_dmp_motion_driver.o(i.dmp_set_fifo_rate)
    dmp_set_gyro_bias                        0x080059ad   Thumb Code   196  inv_mpu_dmp_motion_driver.o(i.dmp_set_gyro_bias)
    dmp_set_orientation                      0x08005a79   Thumb Code   246  inv_mpu_dmp_motion_driver.o(i.dmp_set_orientation)
    dmp_set_shake_reject_thresh              0x08005b85   Thumb Code    48  inv_mpu_dmp_motion_driver.o(i.dmp_set_shake_reject_thresh)
    dmp_set_shake_reject_time                0x08005bb5   Thumb Code    32  inv_mpu_dmp_motion_driver.o(i.dmp_set_shake_reject_time)
    dmp_set_shake_reject_timeout             0x08005bd5   Thumb Code    32  inv_mpu_dmp_motion_driver.o(i.dmp_set_shake_reject_timeout)
    dmp_set_tap_axes                         0x08005bf5   Thumb Code    64  inv_mpu_dmp_motion_driver.o(i.dmp_set_tap_axes)
    dmp_set_tap_count                        0x08005c35   Thumb Code    34  inv_mpu_dmp_motion_driver.o(i.dmp_set_tap_count)
    dmp_set_tap_thresh                       0x08005c59   Thumb Code   274  inv_mpu_dmp_motion_driver.o(i.dmp_set_tap_thresh)
    dmp_set_tap_time                         0x08005d81   Thumb Code    32  inv_mpu_dmp_motion_driver.o(i.dmp_set_tap_time)
    dmp_set_tap_time_multi                   0x08005da1   Thumb Code    32  inv_mpu_dmp_motion_driver.o(i.dmp_set_tap_time_multi)
    fputc                                    0x08005dc1   Thumb Code    16  main.o(i.fputc)
    inv_orientation_matrix_to_scalar         0x08006269   Thumb Code    34  inv_mpu.o(i.inv_orientation_matrix_to_scalar)
    inv_row_2_scale                          0x0800628b   Thumb Code    72  inv_mpu.o(i.inv_row_2_scale)
    main                                     0x080062d5   Thumb Code   138  main.o(i.main)
    mget_ms                                  0x080063a5   Thumb Code     2  inv_mpu.o(i.mget_ms)
    mpu_configure_fifo                       0x080063a9   Thumb Code    78  inv_mpu.o(i.mpu_configure_fifo)
    mpu_dmp_get_data                         0x080063fd   Thumb Code   446  inv_mpu.o(i.mpu_dmp_get_data)
    mpu_dmp_init                             0x080065c5   Thumb Code   158  inv_mpu.o(i.mpu_dmp_init)
    mpu_get_accel_fsr                        0x08006669   Thumb Code    54  inv_mpu.o(i.mpu_get_accel_fsr)
    mpu_get_accel_sens                       0x080066a5   Thumb Code    62  inv_mpu.o(i.mpu_get_accel_sens)
    mpu_get_gyro_fsr                         0x080066e9   Thumb Code    48  inv_mpu.o(i.mpu_get_gyro_fsr)
    mpu_get_gyro_sens                        0x0800671d   Thumb Code    44  inv_mpu.o(i.mpu_get_gyro_sens)
    mpu_get_lpf                              0x0800675d   Thumb Code    52  inv_mpu.o(i.mpu_get_lpf)
    mpu_get_sample_rate                      0x08006795   Thumb Code    22  inv_mpu.o(i.mpu_get_sample_rate)
    mpu_init                                 0x080067b1   Thumb Code   310  inv_mpu.o(i.mpu_init)
    mpu_load_firmware                        0x08006939   Thumb Code   154  inv_mpu.o(i.mpu_load_firmware)
    mpu_lp_accel_mode                        0x080069d9   Thumb Code   178  inv_mpu.o(i.mpu_lp_accel_mode)
    mpu_read_fifo_stream                     0x08006a91   Thumb Code   140  inv_mpu.o(i.mpu_read_fifo_stream)
    mpu_read_mem                             0x08006b21   Thumb Code    80  inv_mpu.o(i.mpu_read_mem)
    mpu_reset_fifo                           0x08006b75   Thumb Code   346  inv_mpu.o(i.mpu_reset_fifo)
    mpu_run_self_test                        0x08006cd5   Thumb Code   234  inv_mpu.o(i.mpu_run_self_test)
    mpu_set_accel_fsr                        0x08006dc5   Thumb Code    98  inv_mpu.o(i.mpu_set_accel_fsr)
    mpu_set_bypass                           0x08006e2d   Thumb Code   214  inv_mpu.o(i.mpu_set_bypass)
    mpu_set_dmp_state                        0x08006f09   Thumb Code   114  inv_mpu.o(i.mpu_set_dmp_state)
    mpu_set_gyro_fsr                         0x08006f81   Thumb Code   104  inv_mpu.o(i.mpu_set_gyro_fsr)
    mpu_set_int_latched                      0x08006fed   Thumb Code    94  inv_mpu.o(i.mpu_set_int_latched)
    mpu_set_lpf                              0x08007051   Thumb Code   102  inv_mpu.o(i.mpu_set_lpf)
    mpu_set_sample_rate                      0x080070bd   Thumb Code   124  inv_mpu.o(i.mpu_set_sample_rate)
    mpu_set_sensors                          0x0800713d   Thumb Code   178  inv_mpu.o(i.mpu_set_sensors)
    mpu_write_mem                            0x080071f5   Thumb Code    80  inv_mpu.o(i.mpu_write_mem)
    oled_pow                                 0x08007249   Thumb Code    16  oled.o(i.oled_pow)
    osDelay                                  0x08007259   Thumb Code    14  cmsis_os.o(i.osDelay)
    osKernelStart                            0x08007267   Thumb Code    10  cmsis_os.o(i.osKernelStart)
    osThreadCreate                           0x08007271   Thumb Code    84  cmsis_os.o(i.osThreadCreate)
    pvPortMalloc                             0x08007605   Thumb Code   210  heap_4.o(i.pvPortMalloc)
    pxPortInitialiseStack                    0x080076dd   Thumb Code    32  port.o(i.pxPortInitialiseStack)
    run_self_test                            0x08007701   Thumb Code   118  inv_mpu.o(i.run_self_test)
    sqrt                                     0x080077d1   Thumb Code    76  sqrt.o(i.sqrt)
    uxListRemove                             0x0800781d   Thumb Code    38  list.o(i.uxListRemove)
    vApplicationGetIdleTaskMemory            0x08007845   Thumb Code    16  freertos.o(i.vApplicationGetIdleTaskMemory)
    vListInitialise                          0x08007859   Thumb Code    22  list.o(i.vListInitialise)
    vListInitialiseItem                      0x0800786f   Thumb Code     6  list.o(i.vListInitialiseItem)
    vListInsert                              0x08007875   Thumb Code    48  list.o(i.vListInsert)
    vListInsertEnd                           0x080078a5   Thumb Code    24  list.o(i.vListInsertEnd)
    vPortEnterCritical                       0x080078bd   Thumb Code    54  port.o(i.vPortEnterCritical)
    vPortExitCritical                        0x080078fd   Thumb Code    34  port.o(i.vPortExitCritical)
    vPortFree                                0x08007925   Thumb Code    88  heap_4.o(i.vPortFree)
    vPortSetupTimerInterrupt                 0x08007981   Thumb Code    32  port.o(i.vPortSetupTimerInterrupt)
    vTaskDelay                               0x080079a5   Thumb Code    66  tasks.o(i.vTaskDelay)
    vTaskStartScheduler                      0x080079f1   Thumb Code    90  tasks.o(i.vTaskStartScheduler)
    vTaskSuspendAll                          0x08007a5d   Thumb Code    10  tasks.o(i.vTaskSuspendAll)
    vTaskSwitchContext                       0x08007a6d   Thumb Code    82  tasks.o(i.vTaskSwitchContext)
    xPortStartScheduler                      0x08007ac9   Thumb Code   154  port.o(i.xPortStartScheduler)
    xTaskCreate                              0x08007b71   Thumb Code    90  tasks.o(i.xTaskCreate)
    xTaskCreateStatic                        0x08007bcb   Thumb Code    86  tasks.o(i.xTaskCreateStatic)
    xTaskIncrementTick                       0x08007c21   Thumb Code   192  tasks.o(i.xTaskIncrementTick)
    xTaskResumeAll                           0x08007ce9   Thumb Code   182  tasks.o(i.xTaskResumeAll)
    AHBPrescTable                            0x08007e38   Data          16  system_stm32f1xx.o(.constdata)
    APBPrescTable                            0x08007e48   Data           8  system_stm32f1xx.o(.constdata)
    reg                                      0x08007e50   Data          27  inv_mpu.o(.constdata)
    hw                                       0x08007e6c   Data          12  inv_mpu.o(.constdata)
    test                                     0x08007e78   Data          40  inv_mpu.o(.constdata)
    F6x8                                     0x08008a96   Data         552  oled.o(.constdata)
    F8X16                                    0x08008cbe   Data        1520  oled.o(.constdata)
    __mathlib_zero                           0x080093c8   Data           8  qnan.o(.constdata)
    Region$$Table$$Base                      0x08009554   Number         0  anon$$obj.o(Region$$Table)
    Region$$Table$$Limit                     0x08009574   Number         0  anon$$obj.o(Region$$Table)
    task_flag                                0x20000000   Data           4  freertos.o(.data)
    Task_200HZHandle                         0x20000004   Data           4  freertos.o(.data)
    Task_100HZHandle                         0x20000008   Data           4  freertos.o(.data)
    Task_5HZHandle                           0x2000000c   Data           4  freertos.o(.data)
    Task_InteractioHandle                    0x20000010   Data           4  freertos.o(.data)
    sw1_pwm_taskHandle                       0x20000014   Data           4  freertos.o(.data)
    uwTickFreq                               0x20000018   Data           1  stm32f1xx_hal.o(.data)
    uwTickPrio                               0x2000001c   Data           4  stm32f1xx_hal.o(.data)
    uwTick                                   0x20000020   Data           4  stm32f1xx_hal.o(.data)
    SystemCoreClock                          0x20000024   Data           4  system_stm32f1xx.o(.data)
    pxCurrentTCB                             0x20000028   Data           4  tasks.o(.data)
    capture_Cnt                              0x20000088   Data           1  echo.o(.data)
    high_time                                0x2000008c   Data           4  echo.o(.data)
    dis                                      0x20000090   Data           4  echo.o(.data)
    capture_Buf                              0x20000094   Data           8  echo.o(.data)
    Turn_Pwm                                 0x2000009c   Data           4  car_task.o(.data)
    Movement                                 0x200000a0   Data           4  car_task.o(.data)
    taget_yaw                                0x200000a4   Data           4  car_task.o(.data)
    hf_Mode                                  0x200000a8   Data           4  car_task.o(.data)
    srflow_dis                               0x200000ac   Data           4  car_task.o(.data)
    dis_err                                  0x200000b0   Data           4  car_task.o(.data)
    rxloss_flag                              0x200000b4   Data           4  car_task.o(.data)
    avoidance_flag                           0x200000b8   Data           4  car_task.o(.data)
    rx_cnt                                   0x200000bc   Data           4  car_task.o(.data)
    Balance_PWm                              0x200000c0   Data           4  car_task.o(.data)
    Velocity_Pwm                             0x200000c4   Data           4  car_task.o(.data)
    Encoder_left                             0x200000c8   Data           4  car_task.o(.data)
    Encoder_right                            0x200000cc   Data           4  car_task.o(.data)
    Motor1                                   0x200000d0   Data           4  car_task.o(.data)
    Motor2                                   0x200000d4   Data           4  car_task.o(.data)
    FS_state                                 0x200000d8   Data           1  contrl.o(.data)
    Dead_Zone                                0x200000dc   Data           4  contrl.o(.data)
    PID                                      0x200000f0   Data          36  contrl.o(.data)
    __stdout                                 0x2000014c   Data           4  stdout.o(.data)
    htim2                                    0x200003a8   Data          72  tim.o(.bss)
    htim3                                    0x200003f0   Data          72  tim.o(.bss)
    htim4                                    0x20000438   Data          72  tim.o(.bss)
    huart3                                   0x20000480   Data          68  usart.o(.bss)
    hdma_usart3_rx                           0x200004c4   Data          68  usart.o(.bss)
    hdma_usart3_tx                           0x20000508   Data          68  usart.o(.bss)
    htim1                                    0x2000054c   Data          72  stm32f1xx_hal_timebase_tim.o(.bss)
    outMpu                                   0x20002d94   Data          24  car_task.o(.bss)
    BT_Data                                  0x20002dac   Data          40  my_usart.o(.bss)
    __initial_sp                             0x200031e8   Data           0  startup_stm32f103xb.o(STACK)



==============================================================================

Memory Map of the image

  Image Entry point : 0x080000ed

  Load Region LR_IROM1 (Base: 0x08000000, Size: 0x000096c8, Max: 0x00010000, ABSOLUTE, COMPRESSED[0x000095ac])

    Execution Region ER_IROM1 (Exec base: 0x08000000, Load base: 0x08000000, Size: 0x00009574, Max: 0x00010000, ABSOLUTE)

    Exec Addr    Load Addr    Size         Type   Attr      Idx    E Section Name        Object

    0x08000000   0x08000000   0x000000ec   Data   RO            3    RESET               startup_stm32f103xb.o
    0x080000ec   0x080000ec   0x00000000   Code   RO         5454  * .ARM.Collect$$$$00000000  mc_w.l(entry.o)
    0x080000ec   0x080000ec   0x00000004   Code   RO         5817    .ARM.Collect$$$$00000001  mc_w.l(entry2.o)
    0x080000f0   0x080000f0   0x00000004   Code   RO         5820    .ARM.Collect$$$$00000004  mc_w.l(entry5.o)
    0x080000f4   0x080000f4   0x00000000   Code   RO         5822    .ARM.Collect$$$$00000008  mc_w.l(entry7b.o)
    0x080000f4   0x080000f4   0x00000000   Code   RO         5824    .ARM.Collect$$$$0000000A  mc_w.l(entry8b.o)
    0x080000f4   0x080000f4   0x00000008   Code   RO         5825    .ARM.Collect$$$$0000000B  mc_w.l(entry9a.o)
    0x080000fc   0x080000fc   0x00000000   Code   RO         5827    .ARM.Collect$$$$0000000D  mc_w.l(entry10a.o)
    0x080000fc   0x080000fc   0x00000000   Code   RO         5829    .ARM.Collect$$$$0000000F  mc_w.l(entry11a.o)
    0x080000fc   0x080000fc   0x00000004   Code   RO         5818    .ARM.Collect$$$$00002712  mc_w.l(entry2.o)
    0x08000100   0x08000100   0x00000096   Code   RO         4226    .emb_text           port.o
    0x08000196   0x08000196   0x00000002   PAD
    0x08000198   0x08000198   0x00000024   Code   RO            4    .text               startup_stm32f103xb.o
    0x080001bc   0x080001bc   0x00000062   Code   RO         5457    .text               mc_w.l(ldiv.o)
    0x0800021e   0x0800021e   0x00000020   Code   RO         5459    .text               mc_w.l(llushr.o)
    0x0800023e   0x0800023e   0x00000024   Code   RO         5461    .text               mc_w.l(memcpya.o)
    0x08000262   0x08000262   0x00000024   Code   RO         5465    .text               mc_w.l(memseta.o)
    0x08000286   0x08000286   0x0000001a   Code   RO         5467    .text               mc_w.l(memcmp.o)
    0x080002a0   0x080002a0   0x000000b0   Code   RO         5732    .text               mf_w.l(fadd.o)
    0x08000350   0x08000350   0x00000064   Code   RO         5734    .text               mf_w.l(fmul.o)
    0x080003b4   0x080003b4   0x0000007c   Code   RO         5736    .text               mf_w.l(fdiv.o)
    0x08000430   0x08000430   0x00000018   Code   RO         5738    .text               mf_w.l(fscalb.o)
    0x08000448   0x08000448   0x0000014e   Code   RO         5740    .text               mf_w.l(dadd.o)
    0x08000596   0x08000596   0x000000e4   Code   RO         5742    .text               mf_w.l(dmul.o)
    0x0800067a   0x0800067a   0x000000de   Code   RO         5744    .text               mf_w.l(ddiv.o)
    0x08000758   0x08000758   0x0000002e   Code   RO         5746    .text               mf_w.l(dscalb.o)
    0x08000786   0x08000786   0x00000012   Code   RO         5748    .text               mf_w.l(fflti.o)
    0x08000798   0x08000798   0x0000000a   Code   RO         5750    .text               mf_w.l(ffltui.o)
    0x080007a2   0x080007a2   0x00000022   Code   RO         5752    .text               mf_w.l(dflti.o)
    0x080007c4   0x080007c4   0x00000032   Code   RO         5754    .text               mf_w.l(ffixi.o)
    0x080007f6   0x080007f6   0x00000028   Code   RO         5756    .text               mf_w.l(ffixui.o)
    0x0800081e   0x0800081e   0x0000003e   Code   RO         5758    .text               mf_w.l(dfixi.o)
    0x0800085c   0x0800085c   0x00000032   Code   RO         5760    .text               mf_w.l(dfixui.o)
    0x0800088e   0x0800088e   0x00000026   Code   RO         5762    .text               mf_w.l(f2d.o)
    0x080008b4   0x080008b4   0x00000038   Code   RO         5764    .text               mf_w.l(d2f.o)
    0x080008ec   0x080008ec   0x0000002c   Code   RO         5832    .text               mc_w.l(uidiv.o)
    0x08000918   0x08000918   0x00000062   Code   RO         5834    .text               mc_w.l(uldiv.o)
    0x0800097a   0x0800097a   0x0000001e   Code   RO         5836    .text               mc_w.l(llshl.o)
    0x08000998   0x08000998   0x00000024   Code   RO         5838    .text               mc_w.l(llsshr.o)
    0x080009bc   0x080009bc   0x00000000   Code   RO         5847    .text               mc_w.l(iusefp.o)
    0x080009bc   0x080009bc   0x0000006e   Code   RO         5848    .text               mf_w.l(fepilogue.o)
    0x08000a2a   0x08000a2a   0x000000ba   Code   RO         5850    .text               mf_w.l(depilogue.o)
    0x08000ae4   0x08000ae4   0x00000030   Code   RO         5852    .text               mf_w.l(dfixul.o)
    0x08000b14   0x08000b14   0x00000030   Code   RO         5854    .text               mf_w.l(cdrcmple.o)
    0x08000b44   0x08000b44   0x00000024   Code   RO         5856    .text               mc_w.l(init.o)
    0x08000b68   0x08000b68   0x000000a2   Code   RO         5858    .text               mf_w.l(dsqrt.o)
    0x08000c0a   0x08000c0a   0x0000001a   Code   RO         5860    .text               mf_w.l(dfltui.o)
    0x08000c24   0x08000c24   0x00000056   Code   RO         5872    .text               mc_w.l(__dczerorl2.o)
    0x08000c7a   0x08000c7a   0x00000002   PAD
    0x08000c7c   0x08000c7c   0x00000054   Code   RO         4690    i.BTData_Process    my_usart.o
    0x08000cd0   0x08000cd0   0x00000002   Code   RO          503    i.BusFault_Handler  stm32f1xx_it.o
    0x08000cd2   0x08000cd2   0x00000002   PAD
    0x08000cd4   0x08000cd4   0x000001b8   Code   RO         4406    i.Car_Task_100HZ    car_task.o
    0x08000e8c   0x08000e8c   0x00000010   Code   RO         4407    i.Car_Task_200HZ    car_task.o
    0x08000e9c   0x08000e9c   0x00000004   Code   RO         4408    i.Car_Task_5HZ      car_task.o
    0x08000ea0   0x08000ea0   0x000001b8   Code   RO         4409    i.Car_Task_Interaction  car_task.o
    0x08001058   0x08001058   0x0000000c   Code   RO          504    i.DMA1_Channel2_IRQHandler  stm32f1xx_it.o
    0x08001064   0x08001064   0x0000000c   Code   RO          505    i.DMA1_Channel3_IRQHandler  stm32f1xx_it.o
    0x08001070   0x08001070   0x0000002a   Code   RO         1074    i.DMA_SetConfig     stm32f1xx_hal_dma.o
    0x0800109a   0x0800109a   0x00000002   Code   RO          506    i.DebugMon_Handler  stm32f1xx_it.o
    0x0800109c   0x0800109c   0x00000008   Code   RO          507    i.EXTI9_5_IRQHandler  stm32f1xx_it.o
    0x080010a4   0x080010a4   0x00000002   Code   RO           13    i.Error_Handler     main.o
    0x080010a6   0x080010a6   0x00000004   Code   RO         4729    i.Get_sys_time_ms   sys_time.o
    0x080010aa   0x080010aa   0x00000002   PAD
    0x080010ac   0x080010ac   0x0000000c   Code   RO         4730    i.Get_sys_time_only_us  sys_time.o
    0x080010b8   0x080010b8   0x0000001c   Code   RO         4731    i.Get_sys_time_us   sys_time.o
    0x080010d4   0x080010d4   0x0000003c   Code   RO         4306    i.Getdistance       echo.o
    0x08001110   0x08001110   0x00000046   Code   RO         1075    i.HAL_DMA_Abort     stm32f1xx_hal_dma.o
    0x08001156   0x08001156   0x00000002   PAD
    0x08001158   0x08001158   0x00000098   Code   RO         1076    i.HAL_DMA_Abort_IT  stm32f1xx_hal_dma.o
    0x080011f0   0x080011f0   0x00000154   Code   RO         1080    i.HAL_DMA_IRQHandler  stm32f1xx_hal_dma.o
    0x08001344   0x08001344   0x0000005c   Code   RO         1081    i.HAL_DMA_Init      stm32f1xx_hal_dma.o
    0x080013a0   0x080013a0   0x00000070   Code   RO         1085    i.HAL_DMA_Start_IT  stm32f1xx_hal_dma.o
    0x08001410   0x08001410   0x00000024   Code   RO          703    i.HAL_Delay         stm32f1xx_hal.o
    0x08001434   0x08001434   0x0000011c   Code   RO         4307    i.HAL_GPIO_EXTI_Callback  echo.o
    0x08001550   0x08001550   0x00000018   Code   RO         1010    i.HAL_GPIO_EXTI_IRQHandler  stm32f1xx_hal_gpio.o
    0x08001568   0x08001568   0x000001e0   Code   RO         1011    i.HAL_GPIO_Init     stm32f1xx_hal_gpio.o
    0x08001748   0x08001748   0x0000000a   Code   RO         1013    i.HAL_GPIO_ReadPin  stm32f1xx_hal_gpio.o
    0x08001752   0x08001752   0x0000000a   Code   RO         1015    i.HAL_GPIO_WritePin  stm32f1xx_hal_gpio.o
    0x0800175c   0x0800175c   0x0000000c   Code   RO          707    i.HAL_GetTick       stm32f1xx_hal.o
    0x08001768   0x08001768   0x00000010   Code   RO          713    i.HAL_IncTick       stm32f1xx_hal.o
    0x08001778   0x08001778   0x00000024   Code   RO          714    i.HAL_Init          stm32f1xx_hal.o
    0x0800179c   0x0800179c   0x00000074   Code   RO          621    i.HAL_InitTick      stm32f1xx_hal_timebase_tim.o
    0x08001810   0x08001810   0x00000048   Code   RO          597    i.HAL_MspInit       stm32f1xx_hal_msp.o
    0x08001858   0x08001858   0x0000001a   Code   RO         1171    i.HAL_NVIC_EnableIRQ  stm32f1xx_hal_cortex.o
    0x08001872   0x08001872   0x00000002   PAD
    0x08001874   0x08001874   0x00000040   Code   RO         1177    i.HAL_NVIC_SetPriority  stm32f1xx_hal_cortex.o
    0x080018b4   0x080018b4   0x00000024   Code   RO         1178    i.HAL_NVIC_SetPriorityGrouping  stm32f1xx_hal_cortex.o
    0x080018d8   0x080018d8   0x0000012c   Code   RO          871    i.HAL_RCC_ClockConfig  stm32f1xx_hal_rcc.o
    0x08001a04   0x08001a04   0x00000040   Code   RO          875    i.HAL_RCC_GetClockConfig  stm32f1xx_hal_rcc.o
    0x08001a44   0x08001a44   0x00000020   Code   RO          878    i.HAL_RCC_GetPCLK1Freq  stm32f1xx_hal_rcc.o
    0x08001a64   0x08001a64   0x00000020   Code   RO          879    i.HAL_RCC_GetPCLK2Freq  stm32f1xx_hal_rcc.o
    0x08001a84   0x08001a84   0x0000006c   Code   RO          880    i.HAL_RCC_GetSysClockFreq  stm32f1xx_hal_rcc.o
    0x08001af0   0x08001af0   0x00000320   Code   RO          883    i.HAL_RCC_OscConfig  stm32f1xx_hal_rcc.o
    0x08001e10   0x08001e10   0x00000002   Code   RO         2377    i.HAL_TIMEx_BreakCallback  stm32f1xx_hal_tim_ex.o
    0x08001e12   0x08001e12   0x00000002   Code   RO         2378    i.HAL_TIMEx_CommutCallback  stm32f1xx_hal_tim_ex.o
    0x08001e14   0x08001e14   0x00000068   Code   RO         2396    i.HAL_TIMEx_MasterConfigSynchronization  stm32f1xx_hal_tim_ex.o
    0x08001e7c   0x08001e7c   0x0000005a   Code   RO         1673    i.HAL_TIM_Base_Init  stm32f1xx_hal_tim.o
    0x08001ed6   0x08001ed6   0x00000002   Code   RO         1675    i.HAL_TIM_Base_MspInit  stm32f1xx_hal_tim.o
    0x08001ed8   0x08001ed8   0x00000058   Code   RO         1678    i.HAL_TIM_Base_Start_IT  stm32f1xx_hal_tim.o
    0x08001f30   0x08001f30   0x000000a4   Code   RO         1694    i.HAL_TIM_Encoder_Init  stm32f1xx_hal_tim.o
    0x08001fd4   0x08001fd4   0x0000008c   Code   RO          390    i.HAL_TIM_Encoder_MspInit  tim.o
    0x08002060   0x08002060   0x0000008e   Code   RO         1697    i.HAL_TIM_Encoder_Start  stm32f1xx_hal_tim.o
    0x080020ee   0x080020ee   0x00000002   Code   RO         1707    i.HAL_TIM_IC_CaptureCallback  stm32f1xx_hal_tim.o
    0x080020f0   0x080020f0   0x00000166   Code   RO         1721    i.HAL_TIM_IRQHandler  stm32f1xx_hal_tim.o
    0x08002256   0x08002256   0x00000002   PAD
    0x08002258   0x08002258   0x0000004c   Code   RO          391    i.HAL_TIM_MspPostInit  tim.o
    0x080022a4   0x080022a4   0x00000002   Code   RO         1724    i.HAL_TIM_OC_DelayElapsedCallback  stm32f1xx_hal_tim.o
    0x080022a6   0x080022a6   0x000000c6   Code   RO         1745    i.HAL_TIM_PWM_ConfigChannel  stm32f1xx_hal_tim.o
    0x0800236c   0x0800236c   0x0000005a   Code   RO         1748    i.HAL_TIM_PWM_Init  stm32f1xx_hal_tim.o
    0x080023c6   0x080023c6   0x00000002   PAD
    0x080023c8   0x080023c8   0x0000003c   Code   RO          393    i.HAL_TIM_PWM_MspInit  tim.o
    0x08002404   0x08002404   0x0000001c   Code   RO           14    i.HAL_TIM_PWM_PulseFinishedCallback  main.o
    0x08002420   0x08002420   0x0000009c   Code   RO         1753    i.HAL_TIM_PWM_Start  stm32f1xx_hal_tim.o
    0x080024bc   0x080024bc   0x000000c4   Code   RO         1755    i.HAL_TIM_PWM_Start_IT  stm32f1xx_hal_tim.o
    0x08002580   0x08002580   0x00000034   Code   RO           15    i.HAL_TIM_PeriodElapsedCallback  main.o
    0x080025b4   0x080025b4   0x00000002   Code   RO         1764    i.HAL_TIM_TriggerCallback  stm32f1xx_hal_tim.o
    0x080025b6   0x080025b6   0x00000002   Code   RO         2655    i.HAL_UARTEx_RxEventCallback  stm32f1xx_hal_uart.o
    0x080025b8   0x080025b8   0x00000058   Code   RO         2667    i.HAL_UART_DMAStop  stm32f1xx_hal_uart.o
    0x08002610   0x08002610   0x00000002   Code   RO         2669    i.HAL_UART_ErrorCallback  stm32f1xx_hal_uart.o
    0x08002612   0x08002612   0x00000002   PAD
    0x08002614   0x08002614   0x0000020c   Code   RO         2672    i.HAL_UART_IRQHandler  stm32f1xx_hal_uart.o
    0x08002820   0x08002820   0x00000062   Code   RO         2673    i.HAL_UART_Init     stm32f1xx_hal_uart.o
    0x08002882   0x08002882   0x00000002   PAD
    0x08002884   0x08002884   0x000000dc   Code   RO          462    i.HAL_UART_MspInit  usart.o
    0x08002960   0x08002960   0x0000002a   Code   RO         2677    i.HAL_UART_Receive_DMA  stm32f1xx_hal_uart.o
    0x0800298a   0x0800298a   0x00000002   Code   RO         2679    i.HAL_UART_RxCpltCallback  stm32f1xx_hal_uart.o
    0x0800298c   0x0800298c   0x00000002   Code   RO         2680    i.HAL_UART_RxHalfCpltCallback  stm32f1xx_hal_uart.o
    0x0800298e   0x0800298e   0x00000002   Code   RO         2684    i.HAL_UART_TxCpltCallback  stm32f1xx_hal_uart.o
    0x08002990   0x08002990   0x00000002   Code   RO          508    i.HardFault_Handler  stm32f1xx_it.o
    0x08002992   0x08002992   0x00000002   PAD
    0x08002994   0x08002994   0x00000048   Code   RO         4456    i.IIC_Ack           iic.o
    0x080029dc   0x080029dc   0x0000000c   Code   RO         4458    i.IIC_Delay         iic.o
    0x080029e8   0x080029e8   0x0000003c   Code   RO         4459    i.IIC_GPIO_Init     iic.o
    0x08002a24   0x08002a24   0x00000038   Code   RO         4460    i.IIC_NAck          iic.o
    0x08002a5c   0x08002a5c   0x00000064   Code   RO         4461    i.IIC_Read_Byte     iic.o
    0x08002ac0   0x08002ac0   0x00000068   Code   RO         4462    i.IIC_Send_Byte     iic.o
    0x08002b28   0x08002b28   0x00000044   Code   RO         4463    i.IIC_Start         iic.o
    0x08002b6c   0x08002b6c   0x00000034   Code   RO         4464    i.IIC_Stop          iic.o
    0x08002ba0   0x08002ba0   0x0000004c   Code   RO         4465    i.IIC_Wait_Ack      iic.o
    0x08002bec   0x08002bec   0x0000006c   Code   RO         4538    i.MPU_Read_Len      mpu6050.o
    0x08002c58   0x08002c58   0x00000052   Code   RO         4544    i.MPU_Write_Len     mpu6050.o
    0x08002caa   0x08002caa   0x00000002   PAD
    0x08002cac   0x08002cac   0x0000003c   Code   RO          272    i.MX_DMA_Init       dma.o
    0x08002ce8   0x08002ce8   0x00000080   Code   RO          296    i.MX_FREERTOS_Init  freertos.o
    0x08002d68   0x08002d68   0x00000114   Code   RO          248    i.MX_GPIO_Init      gpio.o
    0x08002e7c   0x08002e7c   0x00000068   Code   RO          394    i.MX_TIM2_Init      tim.o
    0x08002ee4   0x08002ee4   0x000000a0   Code   RO          395    i.MX_TIM3_Init      tim.o
    0x08002f84   0x08002f84   0x0000006c   Code   RO          396    i.MX_TIM4_Init      tim.o
    0x08002ff0   0x08002ff0   0x00000038   Code   RO          463    i.MX_USART3_UART_Init  usart.o
    0x08003028   0x08003028   0x00000002   Code   RO          509    i.MemManage_Handler  stm32f1xx_it.o
    0x0800302a   0x0800302a   0x00000002   Code   RO          510    i.NMI_Handler       stm32f1xx_it.o
    0x0800302c   0x0800302c   0x00000006   Code   RO         5305    i.OLED_CLS          oled.o
    0x08003032   0x08003032   0x00000002   PAD
    0x08003034   0x08003034   0x00000038   Code   RO         5307    i.OLED_Fill         oled.o
    0x0800306c   0x0800306c   0x000000b4   Code   RO         5308    i.OLED_Init         oled.o
    0x08003120   0x08003120   0x00000026   Code   RO         5311    i.OLED_SetPos       oled.o
    0x08003146   0x08003146   0x00000002   PAD
    0x08003148   0x08003148   0x00000088   Code   RO         5313    i.OLED_ShowChar     oled.o
    0x080031d0   0x080031d0   0x00000070   Code   RO         5314    i.OLED_ShowFloat    oled.o
    0x08003240   0x08003240   0x0000006e   Code   RO         5315    i.OLED_ShowNum      oled.o
    0x080032ae   0x080032ae   0x00000002   PAD
    0x080032b0   0x080032b0   0x000000d8   Code   RO         5316    i.OLED_ShowStr      oled.o
    0x08003388   0x08003388   0x0000002a   Code   RO         4622    i.PWM_Limiting      contrl.o
    0x080033b2   0x080033b2   0x00000002   PAD
    0x080033b4   0x080033b4   0x00000028   Code   RO         4623    i.Read_Encoder      contrl.o
    0x080033dc   0x080033dc   0x000000cc   Code   RO         4624    i.Set_PWM           contrl.o
    0x080034a8   0x080034a8   0x00000030   Code   RO          297    i.StartTask_100HZ   freertos.o
    0x080034d8   0x080034d8   0x000000c8   Code   RO          298    i.StartTask_200HZ   freertos.o
    0x080035a0   0x080035a0   0x0000000c   Code   RO          299    i.StartTask_5HZ     freertos.o
    0x080035ac   0x080035ac   0x00000038   Code   RO          300    i.StartTask_Interaction  freertos.o
    0x080035e4   0x080035e4   0x0000007c   Code   RO          301    i.Start_sw_1Task    freertos.o
    0x08003660   0x08003660   0x0000002c   Code   RO         4227    i.SysTick_Handler   port.o
    0x0800368c   0x0800368c   0x0000004e   Code   RO           16    i.SystemClock_Config  main.o
    0x080036da   0x080036da   0x00000002   Code   RO         3002    i.SystemInit        system_stm32f1xx.o
    0x080036dc   0x080036dc   0x0000000c   Code   RO          511    i.TIM1_UP_IRQHandler  stm32f1xx_it.o
    0x080036e8   0x080036e8   0x0000000c   Code   RO          512    i.TIM3_IRQHandler   stm32f1xx_it.o
    0x080036f4   0x080036f4   0x0000006c   Code   RO         1766    i.TIM_Base_SetConfig  stm32f1xx_hal_tim.o
    0x08003760   0x08003760   0x0000001a   Code   RO         1767    i.TIM_CCxChannelCmd  stm32f1xx_hal_tim.o
    0x0800377a   0x0800377a   0x00000002   PAD
    0x0800377c   0x0800377c   0x00000050   Code   RO         1779    i.TIM_OC1_SetConfig  stm32f1xx_hal_tim.o
    0x080037cc   0x080037cc   0x00000058   Code   RO         1780    i.TIM_OC2_SetConfig  stm32f1xx_hal_tim.o
    0x08003824   0x08003824   0x00000058   Code   RO         1781    i.TIM_OC3_SetConfig  stm32f1xx_hal_tim.o
    0x0800387c   0x0800387c   0x00000044   Code   RO         1782    i.TIM_OC4_SetConfig  stm32f1xx_hal_tim.o
    0x080038c0   0x080038c0   0x0000003c   Code   RO         4625    i.Turn_off          contrl.o
    0x080038fc   0x080038fc   0x00000010   Code   RO         2686    i.UART_DMAAbortOnError  stm32f1xx_hal_uart.o
    0x0800390c   0x0800390c   0x0000004a   Code   RO         2687    i.UART_DMAError     stm32f1xx_hal_uart.o
    0x08003956   0x08003956   0x0000005a   Code   RO         2688    i.UART_DMAReceiveCplt  stm32f1xx_hal_uart.o
    0x080039b0   0x080039b0   0x0000001a   Code   RO         2690    i.UART_DMARxHalfCplt  stm32f1xx_hal_uart.o
    0x080039ca   0x080039ca   0x00000030   Code   RO         2696    i.UART_EndRxTransfer  stm32f1xx_hal_uart.o
    0x080039fa   0x080039fa   0x00000012   Code   RO         2697    i.UART_EndTxTransfer  stm32f1xx_hal_uart.o
    0x08003a0c   0x08003a0c   0x000000b6   Code   RO         2698    i.UART_Receive_IT   stm32f1xx_hal_uart.o
    0x08003ac2   0x08003ac2   0x00000002   PAD
    0x08003ac4   0x08003ac4   0x000000b8   Code   RO         2699    i.UART_SetConfig    stm32f1xx_hal_uart.o
    0x08003b7c   0x08003b7c   0x00000070   Code   RO         2700    i.UART_Start_Receive_DMA  stm32f1xx_hal_uart.o
    0x08003bec   0x08003bec   0x00000064   Code   RO          513    i.USART3_IRQHandler  stm32f1xx_it.o
    0x08003c50   0x08003c50   0x00000002   Code   RO          514    i.UsageFault_Handler  stm32f1xx_it.o
    0x08003c52   0x08003c52   0x00000026   Code   RO         4691    i.User_USART_Init   my_usart.o
    0x08003c78   0x08003c78   0x00000044   Code   RO         4626    i.Vertical_Ring_PD  contrl.o
    0x08003cbc   0x08003cbc   0x00000098   Code   RO         4627    i.Vertical_speed_PI  contrl.o
    0x08003d54   0x08003d54   0x00000060   Code   RO         4628    i.Vertical_turn_PD  contrl.o
    0x08003db4   0x08003db4   0x00000010   Code   RO         5317    i.WriteCmd          oled.o
    0x08003dc4   0x08003dc4   0x00000010   Code   RO         5318    i.WriteDat          oled.o
    0x08003dd4   0x08003dd4   0x00000020   Code   RO         5704    i.__0printf         mc_w.l(printfa.o)
    0x08003df4   0x08003df4   0x00000028   Code   RO         5793    i.__ARM_fpclassify  m_ws.l(fpclassify.o)
    0x08003e1c   0x08003e1c   0x00000020   Code   RO         1184    i.__NVIC_SetPriority  stm32f1xx_hal_cortex.o
    0x08003e3c   0x08003e3c   0x00000388   Code   RO         5798    i.__ieee754_rem_pio2  m_ws.l(rred.o)
    0x080041c4   0x080041c4   0x000000fc   Code   RO         5776    i.__kernel_cos      m_ws.l(cos_i.o)
    0x080042c0   0x080042c0   0x000000aa   Code   RO         5795    i.__kernel_poly     m_ws.l(poly.o)
    0x0800436a   0x0800436a   0x00000002   PAD
    0x0800436c   0x0800436c   0x000000ec   Code   RO         5803    i.__kernel_sin      m_ws.l(sin_i.o)
    0x08004458   0x08004458   0x00000006   Code   RO         5780    i.__mathlib_dbl_infnan  m_ws.l(dunder.o)
    0x0800445e   0x0800445e   0x00000004   Code   RO         5781    i.__mathlib_dbl_infnan2  m_ws.l(dunder.o)
    0x08004462   0x08004462   0x0000000c   Code   RO         5782    i.__mathlib_dbl_invalid  m_ws.l(dunder.o)
    0x0800446e   0x0800446e   0x00000002   PAD
    0x08004470   0x08004470   0x00000010   Code   RO         5785    i.__mathlib_dbl_underflow  m_ws.l(dunder.o)
    0x08004480   0x08004480   0x0000000e   Code   RO         5866    i.__scatterload_copy  mc_w.l(handlers.o)
    0x0800448e   0x0800448e   0x00000002   Code   RO         5867    i.__scatterload_null  mc_w.l(handlers.o)
    0x08004490   0x08004490   0x0000000e   Code   RO         5868    i.__scatterload_zeroinit  mc_w.l(handlers.o)
    0x0800449e   0x0800449e   0x00000002   PAD
    0x080044a0   0x080044a0   0x0000000c   Code   RO         5842    i.__set_errno       mc_w.l(errno.o)
    0x080044ac   0x080044ac   0x00000184   Code   RO         5711    i._fp_digits        mc_w.l(printfa.o)
    0x08004630   0x08004630   0x000006dc   Code   RO         5712    i._printf_core      mc_w.l(printfa.o)
    0x08004d0c   0x08004d0c   0x00000024   Code   RO         5713    i._printf_post_padding  mc_w.l(printfa.o)
    0x08004d30   0x08004d30   0x0000002e   Code   RO         5714    i._printf_pre_padding  mc_w.l(printfa.o)
    0x08004d5e   0x08004d5e   0x00000002   PAD
    0x08004d60   0x08004d60   0x00000080   Code   RO         4765    i.accel_self_test   inv_mpu.o
    0x08004de0   0x08004de0   0x00000270   Code   RO         5429    i.asin              m_ws.l(asin.o)
    0x08005050   0x08005050   0x00000220   Code   RO         5767    i.atan              m_ws.l(atan.o)
    0x08005270   0x08005270   0x00000180   Code   RO         5439    i.atan2             m_ws.l(atan2.o)
    0x080053f0   0x080053f0   0x0000009c   Code   RO         5447    i.cos               m_ws.l(cos.o)
    0x0800548c   0x0800548c   0x0000003a   Code   RO         5120    i.dmp_enable_6x_lp_quat  inv_mpu_dmp_motion_driver.o
    0x080054c6   0x080054c6   0x00000002   PAD
    0x080054c8   0x080054c8   0x000001d8   Code   RO         5121    i.dmp_enable_feature  inv_mpu_dmp_motion_driver.o
    0x080056a0   0x080056a0   0x0000003c   Code   RO         5122    i.dmp_enable_gyro_cal  inv_mpu_dmp_motion_driver.o
    0x080056dc   0x080056dc   0x0000003a   Code   RO         5123    i.dmp_enable_lp_quat  inv_mpu_dmp_motion_driver.o
    0x08005716   0x08005716   0x00000002   PAD
    0x08005718   0x08005718   0x00000014   Code   RO         5128    i.dmp_load_motion_driver_firmware  inv_mpu_dmp_motion_driver.o
    0x0800572c   0x0800572c   0x00000144   Code   RO         5129    i.dmp_read_fifo     inv_mpu_dmp_motion_driver.o
    0x08005870   0x08005870   0x000000d8   Code   RO         5132    i.dmp_set_accel_bias  inv_mpu_dmp_motion_driver.o
    0x08005948   0x08005948   0x00000064   Code   RO         5133    i.dmp_set_fifo_rate  inv_mpu_dmp_motion_driver.o
    0x080059ac   0x080059ac   0x000000cc   Code   RO         5134    i.dmp_set_gyro_bias  inv_mpu_dmp_motion_driver.o
    0x08005a78   0x08005a78   0x0000010c   Code   RO         5136    i.dmp_set_orientation  inv_mpu_dmp_motion_driver.o
    0x08005b84   0x08005b84   0x00000030   Code   RO         5139    i.dmp_set_shake_reject_thresh  inv_mpu_dmp_motion_driver.o
    0x08005bb4   0x08005bb4   0x00000020   Code   RO         5140    i.dmp_set_shake_reject_time  inv_mpu_dmp_motion_driver.o
    0x08005bd4   0x08005bd4   0x00000020   Code   RO         5141    i.dmp_set_shake_reject_timeout  inv_mpu_dmp_motion_driver.o
    0x08005bf4   0x08005bf4   0x00000040   Code   RO         5142    i.dmp_set_tap_axes  inv_mpu_dmp_motion_driver.o
    0x08005c34   0x08005c34   0x00000022   Code   RO         5143    i.dmp_set_tap_count  inv_mpu_dmp_motion_driver.o
    0x08005c56   0x08005c56   0x00000002   PAD
    0x08005c58   0x08005c58   0x00000128   Code   RO         5144    i.dmp_set_tap_thresh  inv_mpu_dmp_motion_driver.o
    0x08005d80   0x08005d80   0x00000020   Code   RO         5145    i.dmp_set_tap_time  inv_mpu_dmp_motion_driver.o
    0x08005da0   0x08005da0   0x00000020   Code   RO         5146    i.dmp_set_tap_time_multi  inv_mpu_dmp_motion_driver.o
    0x08005dc0   0x08005dc0   0x00000014   Code   RO           18    i.fputc             main.o
    0x08005dd4   0x08005dd4   0x000000ac   Code   RO         4766    i.get_accel_prod_shift  inv_mpu.o
    0x08005e80   0x08005e80   0x00000314   Code   RO         4767    i.get_st_biases     inv_mpu.o
    0x08006194   0x08006194   0x000000d4   Code   RO         4768    i.gyro_self_test    inv_mpu.o
    0x08006268   0x08006268   0x00000022   Code   RO         4769    i.inv_orientation_matrix_to_scalar  inv_mpu.o
    0x0800628a   0x0800628a   0x00000048   Code   RO         4770    i.inv_row_2_scale   inv_mpu.o
    0x080062d2   0x080062d2   0x00000002   PAD
    0x080062d4   0x080062d4   0x000000c4   Code   RO           19    i.main              main.o
    0x08006398   0x08006398   0x0000000c   Code   RO         3798    i.makeFreeRtosPriority  cmsis_os.o
    0x080063a4   0x080063a4   0x00000002   Code   RO         4771    i.mget_ms           inv_mpu.o
    0x080063a6   0x080063a6   0x00000002   PAD
    0x080063a8   0x080063a8   0x00000054   Code   RO         4772    i.mpu_configure_fifo  inv_mpu.o
    0x080063fc   0x080063fc   0x000001c8   Code   RO         4773    i.mpu_dmp_get_data  inv_mpu.o
    0x080065c4   0x080065c4   0x000000a4   Code   RO         4774    i.mpu_dmp_init      inv_mpu.o
    0x08006668   0x08006668   0x0000003c   Code   RO         4775    i.mpu_get_accel_fsr  inv_mpu.o
    0x080066a4   0x080066a4   0x00000044   Code   RO         4777    i.mpu_get_accel_sens  inv_mpu.o
    0x080066e8   0x080066e8   0x00000034   Code   RO         4783    i.mpu_get_gyro_fsr  inv_mpu.o
    0x0800671c   0x0800671c   0x00000040   Code   RO         4785    i.mpu_get_gyro_sens  inv_mpu.o
    0x0800675c   0x0800675c   0x00000038   Code   RO         4787    i.mpu_get_lpf       inv_mpu.o
    0x08006794   0x08006794   0x0000001c   Code   RO         4789    i.mpu_get_sample_rate  inv_mpu.o
    0x080067b0   0x080067b0   0x00000188   Code   RO         4791    i.mpu_init          inv_mpu.o
    0x08006938   0x08006938   0x000000a0   Code   RO         4792    i.mpu_load_firmware  inv_mpu.o
    0x080069d8   0x080069d8   0x000000b8   Code   RO         4793    i.mpu_lp_accel_mode  inv_mpu.o
    0x08006a90   0x08006a90   0x00000090   Code   RO         4796    i.mpu_read_fifo_stream  inv_mpu.o
    0x08006b20   0x08006b20   0x00000054   Code   RO         4797    i.mpu_read_mem      inv_mpu.o
    0x08006b74   0x08006b74   0x00000160   Code   RO         4800    i.mpu_reset_fifo    inv_mpu.o
    0x08006cd4   0x08006cd4   0x000000f0   Code   RO         4801    i.mpu_run_self_test  inv_mpu.o
    0x08006dc4   0x08006dc4   0x00000068   Code   RO         4803    i.mpu_set_accel_fsr  inv_mpu.o
    0x08006e2c   0x08006e2c   0x000000dc   Code   RO         4804    i.mpu_set_bypass    inv_mpu.o
    0x08006f08   0x08006f08   0x00000078   Code   RO         4806    i.mpu_set_dmp_state  inv_mpu.o
    0x08006f80   0x08006f80   0x0000006c   Code   RO         4807    i.mpu_set_gyro_fsr  inv_mpu.o
    0x08006fec   0x08006fec   0x00000064   Code   RO         4808    i.mpu_set_int_latched  inv_mpu.o
    0x08007050   0x08007050   0x0000006c   Code   RO         4810    i.mpu_set_lpf       inv_mpu.o
    0x080070bc   0x080070bc   0x00000080   Code   RO         4811    i.mpu_set_sample_rate  inv_mpu.o
    0x0800713c   0x0800713c   0x000000b8   Code   RO         4812    i.mpu_set_sensors   inv_mpu.o
    0x080071f4   0x080071f4   0x00000054   Code   RO         4813    i.mpu_write_mem     inv_mpu.o
    0x08007248   0x08007248   0x00000010   Code   RO         5319    i.oled_pow          oled.o
    0x08007258   0x08007258   0x0000000e   Code   RO         3800    i.osDelay           cmsis_os.o
    0x08007266   0x08007266   0x0000000a   Code   RO         3803    i.osKernelStart     cmsis_os.o
    0x08007270   0x08007270   0x00000054   Code   RO         3837    i.osThreadCreate    cmsis_os.o
    0x080072c4   0x080072c4   0x00000070   Code   RO         3495    i.prvAddCurrentTaskToDelayedList  tasks.o
    0x08007334   0x08007334   0x000000d0   Code   RO         3496    i.prvAddNewTaskToReadyList  tasks.o
    0x08007404   0x08007404   0x00000034   Code   RO         3497    i.prvDeleteTCB      tasks.o
    0x08007438   0x08007438   0x00000048   Code   RO         4165    i.prvHeapInit       heap_4.o
    0x08007480   0x08007480   0x00000060   Code   RO         3498    i.prvIdleTask       tasks.o
    0x080074e0   0x080074e0   0x0000008e   Code   RO         3499    i.prvInitialiseNewTask  tasks.o
    0x0800756e   0x0800756e   0x00000002   PAD
    0x08007570   0x08007570   0x0000004c   Code   RO         4166    i.prvInsertBlockIntoFreeList  heap_4.o
    0x080075bc   0x080075bc   0x00000020   Code   RO         3500    i.prvResetNextTaskUnblockTime  tasks.o
    0x080075dc   0x080075dc   0x00000028   Code   RO         4228    i.prvTaskExitError  port.o
    0x08007604   0x08007604   0x000000d8   Code   RO         4167    i.pvPortMalloc      heap_4.o
    0x080076dc   0x080076dc   0x00000024   Code   RO         4229    i.pxPortInitialiseStack  port.o
    0x08007700   0x08007700   0x00000076   Code   RO         4814    i.run_self_test     inv_mpu.o
    0x08007776   0x08007776   0x00000002   PAD
    0x08007778   0x08007778   0x00000058   Code   RO         4815    i.set_int_enable    inv_mpu.o
    0x080077d0   0x080077d0   0x0000004c   Code   RO         5810    i.sqrt              m_ws.l(sqrt.o)
    0x0800781c   0x0800781c   0x00000026   Code   RO         3140    i.uxListRemove      list.o
    0x08007842   0x08007842   0x00000002   PAD
    0x08007844   0x08007844   0x00000014   Code   RO          302    i.vApplicationGetIdleTaskMemory  freertos.o
    0x08007858   0x08007858   0x00000016   Code   RO         3141    i.vListInitialise   list.o
    0x0800786e   0x0800786e   0x00000006   Code   RO         3142    i.vListInitialiseItem  list.o
    0x08007874   0x08007874   0x00000030   Code   RO         3143    i.vListInsert       list.o
    0x080078a4   0x080078a4   0x00000018   Code   RO         3144    i.vListInsertEnd    list.o
    0x080078bc   0x080078bc   0x00000040   Code   RO         4231    i.vPortEnterCritical  port.o
    0x080078fc   0x080078fc   0x00000028   Code   RO         4232    i.vPortExitCritical  port.o
    0x08007924   0x08007924   0x0000005c   Code   RO         4168    i.vPortFree         heap_4.o
    0x08007980   0x08007980   0x00000024   Code   RO         4233    i.vPortSetupTimerInterrupt  port.o
    0x080079a4   0x080079a4   0x0000004c   Code   RO         3508    i.vTaskDelay        tasks.o
    0x080079f0   0x080079f0   0x0000006c   Code   RO         3521    i.vTaskStartScheduler  tasks.o
    0x08007a5c   0x08007a5c   0x00000010   Code   RO         3523    i.vTaskSuspendAll   tasks.o
    0x08007a6c   0x08007a6c   0x0000005c   Code   RO         3524    i.vTaskSwitchContext  tasks.o
    0x08007ac8   0x08007ac8   0x000000a8   Code   RO         4235    i.xPortStartScheduler  port.o
    0x08007b70   0x08007b70   0x0000005a   Code   RO         3526    i.xTaskCreate       tasks.o
    0x08007bca   0x08007bca   0x00000056   Code   RO         3527    i.xTaskCreateStatic  tasks.o
    0x08007c20   0x08007c20   0x000000c8   Code   RO         3534    i.xTaskIncrementTick  tasks.o
    0x08007ce8   0x08007ce8   0x000000c4   Code   RO         3540    i.xTaskResumeAll    tasks.o
    0x08007dac   0x08007dac   0x0000008c   Data   RO          304    .constdata          freertos.o
    0x08007e38   0x08007e38   0x00000010   Data   RO         3003    .constdata          system_stm32f1xx.o
    0x08007e48   0x08007e48   0x00000008   Data   RO         3004    .constdata          system_stm32f1xx.o
    0x08007e50   0x08007e50   0x0000001b   Data   RO         4817    .constdata          inv_mpu.o
    0x08007e6b   0x08007e6b   0x00000001   PAD
    0x08007e6c   0x08007e6c   0x0000000c   Data   RO         4818    .constdata          inv_mpu.o
    0x08007e78   0x08007e78   0x00000028   Data   RO         4819    .constdata          inv_mpu.o
    0x08007ea0   0x08007ea0   0x00000bf6   Data   RO         5148    .constdata          inv_mpu_dmp_motion_driver.o
    0x08008a96   0x08008a96   0x00000818   Data   RO         5320    .constdata          oled.o
    0x080092ae   0x080092ae   0x00000002   PAD
    0x080092b0   0x080092b0   0x00000050   Data   RO         5430    .constdata          m_ws.l(asin.o)
    0x08009300   0x08009300   0x00000098   Data   RO         5768    .constdata          m_ws.l(atan.o)
    0x08009398   0x08009398   0x00000030   Data   RO         5777    .constdata          m_ws.l(cos_i.o)
    0x080093c8   0x080093c8   0x00000008   Data   RO         5797    .constdata          m_ws.l(qnan.o)
    0x080093d0   0x080093d0   0x000000c8   Data   RO         5800    .constdata          m_ws.l(rred.o)
    0x08009498   0x08009498   0x00000028   Data   RO         5804    .constdata          m_ws.l(sin_i.o)
    0x080094c0   0x080094c0   0x00000044   Data   RO          305    .conststring        freertos.o
    0x08009504   0x08009504   0x0000004d   Data   RO         4820    .conststring        inv_mpu.o
    0x08009551   0x08009551   0x00000003   PAD
    0x08009554   0x08009554   0x00000020   Data   RO         5864    Region$$Table       anon$$obj.o


    Execution Region RW_IRAM1 (Exec base: 0x20000000, Load base: 0x08009574, Size: 0x000031e8, Max: 0x00005000, ABSOLUTE, COMPRESSED[0x00000038])

    Exec Addr    Load Addr    Size         Type   Attr      Idx    E Section Name        Object

    0x20000000   COMPRESSED   0x00000018   Data   RW          306    .data               freertos.o
    0x20000018   COMPRESSED   0x0000000c   Data   RW          721    .data               stm32f1xx_hal.o
    0x20000024   COMPRESSED   0x00000004   Data   RW         3005    .data               system_stm32f1xx.o
    0x20000028   COMPRESSED   0x0000003c   Data   RW         3543    .data               tasks.o
    0x20000064   COMPRESSED   0x00000018   Data   RW         4173    .data               heap_4.o
    0x2000007c   COMPRESSED   0x0000000c   Data   RW         4236    .data               port.o
    0x20000088   COMPRESSED   0x00000014   Data   RW         4308    .data               echo.o
    0x2000009c   COMPRESSED   0x0000003c   Data   RW         4411    .data               car_task.o
    0x200000d8   COMPRESSED   0x0000003c   Data   RW         4629    .data               contrl.o
    0x20000114   COMPRESSED   0x00000035   Data   RW         4821    .data               inv_mpu.o
    0x20000149   COMPRESSED   0x00000003   PAD
    0x2000014c   COMPRESSED   0x00000004   Data   RW         5831    .data               mc_w.l(stdout.o)
    0x20000150   COMPRESSED   0x00000004   Data   RW         5843    .data               mc_w.l(errno.o)
    0x20000154        -       0x00000254   Zero   RW          303    .bss                freertos.o
    0x200003a8        -       0x000000d8   Zero   RW          397    .bss                tim.o
    0x20000480        -       0x000000cc   Zero   RW          464    .bss                usart.o
    0x2000054c        -       0x00000048   Zero   RW          624    .bss                stm32f1xx_hal_timebase_tim.o
    0x20000594        -       0x000000f0   Zero   RW         3542    .bss                tasks.o
    0x20000684        -       0x00002710   Zero   RW         4172    .bss                heap_4.o
    0x20002d94        -       0x00000018   Zero   RW         4410    .bss                car_task.o
    0x20002dac        -       0x00000028   Zero   RW         4692    .bss                my_usart.o
    0x20002dd4        -       0x00000010   Zero   RW         5147    .bss                inv_mpu_dmp_motion_driver.o
    0x20002de4   COMPRESSED   0x00000004   PAD
    0x20002de8        -       0x00000400   Zero   RW            1    STACK               startup_stm32f103xb.o


==============================================================================

Image component sizes


      Code (inc. data)   RO Data    RW Data    ZI Data      Debug   Object Name

       900        142          0         60         24       3896   car_task.o
       120          0          0          0          0      22849   cmsis_os.o
       662         86          0         60          0       6064   contrl.o
        60          4          0          0          0        850   dma.o
       344         64          0         20          0       2257   echo.o
         0          0          0          0          0      18396   event_groups.o
       588        128        208         24        596       5458   freertos.o
       276         22          0          0          0       1095   gpio.o
       456         22          0         24      10000       7607   heap_4.o
       600         44          0          0          0       6059   iic.o
      5358        296        156         53          0      31826   inv_mpu.o
      2350        118       3062          0         16      20494   inv_mpu_dmp_motion_driver.o
       138          0          0          0          0       3714   list.o
       376         82          0          0          0     464096   main.o
       190          0          0          0          0       2296   mpu6050.o
       122          4          0          0         40       2461   my_usart.o
       902         22       2072          0          0       8592   oled.o
       578         60          0         12          0      10936   port.o
        36          8        236          0       1024        856   startup_stm32f103xb.o
       100         18          0         12          0       5618   stm32f1xx_hal.o
       158         14          0          0          0      28450   stm32f1xx_hal_cortex.o
       808         36          0          0          0       5366   stm32f1xx_hal_dma.o
       524         40          0          0          0       4374   stm32f1xx_hal_gpio.o
        72         10          0          0          0        954   stm32f1xx_hal_msp.o
      1336        110          0          0          0       6197   stm32f1xx_hal_rcc.o
      1948         70          0          0          0      16073   stm32f1xx_hal_tim.o
       108         12          0          0          0       2585   stm32f1xx_hal_tim_ex.o
       116         18          0          0         72       1555   stm32f1xx_hal_timebase_tim.o
      1512         24          0          0          0      13625   stm32f1xx_hal_uart.o
       168         38          0          0          0       6634   stm32f1xx_it.o
         0          0          0          0          0        384   stream_buffer.o
        44         10          0          0          0       1595   sys_time.o
         2          0         24          4          0       1255   system_stm32f1xx.o
      1506        110          0         60        240      16978   tasks.o
       648         66          0          0        216       4623   tim.o
       276         30          0          0        204       2084   usart.o

    ----------------------------------------------------------------------
     23432       1708       5796        332      12436     738152   Object Totals
         0          0         32          0          0          0   (incl. Generated)
        50          0          6          3          4          0   (incl. Padding)

    ----------------------------------------------------------------------

      Code (inc. data)   RO Data    RW Data    ZI Data      Debug   Library Member Name

       624         52         80          0          0        168   asin.o
       544         70        152          0          0        124   atan.o
       384         38          0          0          0        144   atan2.o
       156          8          0          0          0        104   cos.o
       252         22         48          0          0        124   cos_i.o
        38          6          0          0          0        272   dunder.o
        40          0          0          0          0         68   fpclassify.o
       170          0          0          0          0         96   poly.o
         0          0          8          0          0          0   qnan.o
       904         76        200          0          0        140   rred.o
       236         12         40          0          0        128   sin_i.o
        76          0          0          0          0         84   sqrt.o
        86          0          0          0          0          0   __dczerorl2.o
         0          0          0          0          0          0   entry.o
         0          0          0          0          0          0   entry10a.o
         0          0          0          0          0          0   entry11a.o
         8          4          0          0          0          0   entry2.o
         4          0          0          0          0          0   entry5.o
         0          0          0          0          0          0   entry7b.o
         0          0          0          0          0          0   entry8b.o
         8          4          0          0          0          0   entry9a.o
        12          6          0          4          0         68   errno.o
        30          0          0          0          0          0   handlers.o
        36          8          0          0          0         68   init.o
         0          0          0          0          0          0   iusefp.o
        98          0          0          0          0         84   ldiv.o
        30          0          0          0          0         68   llshl.o
        36          0          0          0          0         68   llsshr.o
        32          0          0          0          0         68   llushr.o
        26          0          0          0          0         80   memcmp.o
        36          0          0          0          0         68   memcpya.o
        36          0          0          0          0        108   memseta.o
      2258         90          0          0          0        452   printfa.o
         0          0          0          4          0          0   stdout.o
        44          0          0          0          0         80   uidiv.o
        98          0          0          0          0         92   uldiv.o
        48          0          0          0          0         68   cdrcmple.o
        56          0          0          0          0         88   d2f.o
       334          0          0          0          0        148   dadd.o
       222          0          0          0          0        100   ddiv.o
       186          0          0          0          0        176   depilogue.o
        62          0          0          0          0         80   dfixi.o
        50          0          0          0          0         76   dfixui.o
        48          0          0          0          0         68   dfixul.o
        34          0          0          0          0         76   dflti.o
        26          0          0          0          0         76   dfltui.o
       228          0          0          0          0         96   dmul.o
        46          0          0          0          0         80   dscalb.o
       162          0          0          0          0        100   dsqrt.o
        38          0          0          0          0         68   f2d.o
       176          0          0          0          0        140   fadd.o
       124          0          0          0          0         88   fdiv.o
       110          0          0          0          0        168   fepilogue.o
        50          0          0          0          0         68   ffixi.o
        40          0          0          0          0         68   ffixui.o
        18          0          0          0          0         68   fflti.o
        10          0          0          0          0         68   ffltui.o
       100          0          0          0          0         76   fmul.o
        24          0          0          0          0         68   fscalb.o

    ----------------------------------------------------------------------
      8504        396        528          8          0       4868   Library Totals
        10          0          0          0          0          0   (incl. Padding)

    ----------------------------------------------------------------------

      Code (inc. data)   RO Data    RW Data    ZI Data      Debug   Library Name

      3424        284        528          0          0       1452   m_ws.l
      2878        112          0          8          0       1304   mc_w.l
      2192          0          0          0          0       2112   mf_w.l

    ----------------------------------------------------------------------
      8504        396        528          8          0       4868   Library Totals

    ----------------------------------------------------------------------

==============================================================================


      Code (inc. data)   RO Data    RW Data    ZI Data      Debug   

     31936       2104       6324        340      12436     728848   Grand Totals
     31936       2104       6324         56      12436     728848   ELF Image Totals (compressed)
     31936       2104       6324         56          0          0   ROM Totals

==============================================================================

    Total RO  Size (Code + RO Data)                38260 (  37.36kB)
    Total RW  Size (RW Data + ZI Data)             12776 (  12.48kB)
    Total ROM Size (Code + RO Data + RW Data)      38316 (  37.42kB)

==============================================================================

